******************************************************************************
                  TI ARM Linker PC v18.1.2                     
******************************************************************************
>> Linked Thu Dec  6 19:33:24 2018

OUTPUT FILE NAME:   <SR04_Drive.out>
ENTRY POINT SYMBOL: "_c_int00"  address: 00003db9


MEMORY CONFIGURATION

         name            origin    length      used     unused   attr    fill
----------------------  --------  ---------  --------  --------  ----  --------
  FLASH                 00000000   00040000  00007ad8  00038528  R  X
  SRAM                  20000000   00008000  00001b1b  000064e5  RW X


SEGMENT ALLOCATION MAP

run origin  load origin   length   init length attrs members
----------  ----------- ---------- ----------- ----- -------
00000000    00000000    00007ae0   00007ae0    r-x
  00000000    00000000    0000003c   0000003c    r-- .resetVecs
  00000040    00000040    0000589a   0000589a    r-x .text
  000058dc    000058dc    00001fb2   00001fb2    r-- .const
  00007890    00007890    00000250   00000250    r-- .cinit
20000000    20000000    00001b20   00000000    rw-
  20000000    20000000    00000360   00000000    rw- .vecs
  20000360    20000360    00000fb1   00000000    rw- .bss
  20001314    20001314    0000050a   00000000    rw- .data
  20001820    20001820    00000300   00000000    rw- .stack


SECTION ALLOCATION MAP

 output                                  attributes/
section   page    origin      length       input sections
--------  ----  ----------  ----------   ----------------
.text      0    00000040    0000589a     
                  00000040    00000430     sysbios.aem4f : BIOS.obj (.text:ti_sysbios_family_arm_m3_Hwi_excDumpRegs__I)
                  00000470    0000034c     ti.targets.arm.rtsarm.aem4f : System.oem4f (.text:xdc_runtime_System_doPrint__I)
                  000007bc    00000004     driverlib.lib : timer.obj (.text:TimerIntClear)
                  000007c0    000002d0     sysbios.aem4f : BIOS.obj (.text:ti_sysbios_knl_Semaphore_pend__E)
                  00000a90    0000026c                   : BIOS.obj (.text:ti_sysbios_heaps_HeapMem_free__E)
                  00000cfc    00000004     rtsv7M4_T_le_v4SPD16_eabi.lib : exit.c.obj (.text:abort:abort)
                  00000d00    00000250     sysbios.aem4f : BIOS.obj (.text:ti_sysbios_heaps_HeapMem_alloc__E)
                  00000f50    000001fc                   : BIOS.obj (.text:ti_sysbios_family_arm_m3_Hwi_excHandlerMax__I)
                  0000114c    00000004     sr04_rtos_pem4f.oem4f (.text:ti_sysbios_BIOS_RtsGateProxy_enter__E)
                  00001150    000001f0     sysbios.aem4f : BIOS.obj (.text:ti_sysbios_knl_Task_sleep__E)
                  00001340    00000174                   : BIOS.obj (.text:ti_sysbios_family_arm_m3_Hwi_excBusFault__I)
                  000014b4    0000016c     pwmATUAL.obj (.text:pwmInit)
                  00001620    00000164     sysbios.aem4f : BIOS.obj (.text:ti_sysbios_family_arm_m3_Hwi_excUsageFault__I)
                  00001784    00000150     drivers_tivaware.aem4f : GPIOTiva.oem4f (.text:GPIO_setConfig)
                  000018d4    00000004     sr04_rtos_pem4f.oem4f (.text:ti_sysbios_BIOS_RtsGateProxy_leave__E)
                  000018d8    00000148     sysbios.aem4f : BIOS.obj (.text:ti_sysbios_family_arm_m3_Hwi_excMemFault__I)
                  00001a20    0000013c     sr04_main.obj (.text:heartBeat_TASK)
                  00001b5c    00000004     sysbios.aem4f : BIOS.obj (.text:ti_sysbios_family_arm_lm4_Timer_masterEnable__I)
                  00001b60    0000013c                   : BIOS.obj (.text:ti_sysbios_heaps_HeapMem_Instance_init__E)
                  00001c9c    00000004     sr04_rtos_pem4f.oem4f (.text:ti_sysbios_family_arm_m3_TaskSupport_Module__startupDone__S)
                  00001ca0    00000134     sysbios.aem4f : BIOS.obj (.text:ti_sysbios_family_arm_lm4_Timer_start__E)
                  00001dd4    00000130     driverlib.lib : gpio.obj (.text:GPIOPadConfigSet)
                  00001f04    00000118     ti.targets.arm.rtsarm.aem4f : Error.oem4f (.text:xdc_runtime_Error_policyDefault__E)
                  0000201c    00000100     Boot.aem4f : Boot_sysctl.oem4f (.text:ti_catalog_arm_cortexm4_tiva_ce_Boot_sysCtlClockSetI__I)
                  0000211c    00000100     ti.targets.arm.rtsarm.aem4f : Core-mem.oem4f (.text:xdc_runtime_Core_createObject__I)
                  0000221c    000000f8                                 : Startup.oem4f (.text:xdc_runtime_Startup_startMods__I)
                  00002314    000000f8     sr04_rtos_pem4f.oem4f (.text:xdc_runtime_System_printfExtend__I)
                  0000240c    000000f4     sysbios.aem4f : m3_Hwi_asm.obj (.text:ti_sysbios_family_arm_m3_Hwi_dispatch__I)
                  00002500    000000f0     driverlib.lib : sysctl.obj (.text:SysCtlClockSet)
                  000025f0    000000ec     sysbios.aem4f : BIOS.obj (.text:ti_sysbios_knl_Semaphore_post__E)
                  000026dc    000000e0     sr04.obj (.text:sr04_Init)
                  000027bc    000000cc     ti.targets.arm.rtsarm.aem4f : Core-smem.oem4f (.text:xdc_runtime_Core_constructObject__I)
                  00002888    000000bc     sysbios.aem4f : BIOS.obj (.text:ti_sysbios_family_arm_m3_Hwi_excDebugMon__I)
                  00002944    00000004     sr04_rtos_pem4f.oem4f (.text:ti_sysbios_heaps_HeapMem_Module_GateProxy_enter__E)
                  00002948    000000bc     sysbios.aem4f : BIOS.obj (.text:ti_sysbios_family_arm_m3_Hwi_excHardFault__I)
                  00002a04    00000004     sr04_rtos_pem4f.oem4f (.text:ti_sysbios_heaps_HeapMem_Module_GateProxy_leave__E)
                  00002a08    000000b4     sysbios.aem4f : BIOS.obj (.text:ti_sysbios_gates_GateMutex_enter__E)
                  00002abc    00000004     sr04_rtos_pem4f.oem4f (.text:ti_sysbios_knl_Clock_TimerProxy_getMaxTicks__E)
                  00002ac0    000000b4     sysbios.aem4f : BIOS.obj (.text:ti_sysbios_knl_Task_checkStacks__E)
                  00002b74    00000004     sr04_rtos_pem4f.oem4f (.text:ti_sysbios_knl_Queue_destruct)
                  00002b78    000000ac     sysbios.aem4f : BIOS.obj (.text:ti_sysbios_family_arm_lm4_Timer_enableTiva__I)
                  00002c24    00000004     sr04_rtos_pem4f.oem4f (.text:ti_sysbios_knl_Semaphore_destruct)
                  00002c28    000000a8     sysbios.aem4f : BIOS.obj (.text:ti_sysbios_family_arm_lm4_Timer_enableTimers__I)
                  00002cd0    000000a8                   : BIOS.obj (.text:ti_sysbios_knl_Task_postInit__I)
                  00002d78    000000a0     auto_init.aem4f : auto_init.oem4f (.text)
                  00002e18    000000a0     ti.targets.arm.rtsarm.aem4f : Text.oem4f (.text:xdc_runtime_Text_putMod__E)
                  00002eb8    0000009c     rtsv7M4_T_le_v4SPD16_eabi.lib : memcpy_t2.asm.obj (.text)
                  00002f54    00000004     ti.targets.arm.rtsarm.aem4f : Error.oem4f (.text:xdc_runtime_Error_getSite__E)
                  00002f58    0000009c     sysbios.aem4f : BIOS.obj (.text:ti_sysbios_knl_Semaphore_Instance_init__E)
                  00002ff4    0000009a     ti.targets.arm.rtsarm.aem4f : Text.oem4f (.text:xdc_runtime_Text_putSite__E)
                  0000308e    00000002     rtsv7M4_T_le_v4SPD16_eabi.lib : _lock.c.obj (.text:_nop)
                  00003090    00000098     Boot.aem4f : Boot.oem4f (.text:ti_catalog_arm_cortexm4_tiva_ce_Boot_sysCtlClockSet__E)
                  00003128    00000094     sysbios.aem4f : BIOS.obj (.text:ti_sysbios_family_arm_m3_Hwi_Instance_init__E)
                  000031bc    00000004     sr04_rtos_pem4f.oem4f (.text:xdc_runtime_System_Module_GateProxy_enter__E)
                  000031c0    00000094     sysbios.aem4f : BIOS.obj (.text:ti_sysbios_family_arm_m3_Hwi_initNVIC__E)
                  00003254    00000090     sr04_main.obj (.text:main)
                  000032e4    0000008c     drivers_tivaware.aem4f : GPIOTiva.oem4f (.text:GPIO_init)
                  00003370    0000008c     sysbios.aem4f : m3_TaskSupport_asm.obj (.text:ti_sysbios_family_arm_m3_TaskSupport_buildTaskStack)
                  000033fc    00000004     sr04_rtos_pem4f.oem4f (.text:xdc_runtime_System_Module_GateProxy_leave__E)
                  00003400    00000084     sysbios.aem4f : BIOS.obj (.text:ti_sysbios_family_arm_m3_Hwi_postInit__I)
                  00003484    0000007a     rtsv7M4_T_le_v4SPD16_eabi.lib : memset_t2.asm.obj (.text)
                  000034fe    00000002                                   : div0.asm.obj (.text)
                  00003500    00000070     sysbios.aem4f : BIOS.obj (.text:ti_sysbios_knl_Clock_workFunc__E)
                  00003570    00000070                   : BIOS.obj (.text:ti_sysbios_knl_Task_exit__E)
                  000035e0    0000006d     ti.targets.arm.rtsarm.aem4f : System.oem4f (.text:xdc_runtime_System_formatNum__I)
                  0000364d    00000001     --HOLE-- [fill = 0]
                  0000364e    00000002     sr04_rtos_pem4f.oem4f (.text:ti_sysbios_BIOS_nullFunc__I)
                  00003650    0000006c     sysbios.aem4f : BIOS.obj (.text:ti_sysbios_knl_Swi_restoreHwi__E)
                  000036bc    0000006c     ti.targets.arm.rtsarm.aem4f : Error.oem4f (.text:xdc_runtime_Error_print__E)
                  00003728    0000006c                                 : Memory.oem4f (.text:xdc_runtime_Memory_alloc__E)
                  00003794    00000068     driverlib.lib : interrupt.obj (.text:IntEnable)
                  000037fc    00000068     rtsv7M4_T_le_v4SPD16_eabi.lib : copy_decompress_lzss.c.obj (.text:decompress:lzss:__TI_decompress_lzss)
                  00003864    00000066     ti.targets.arm.rtsarm.aem4f : Core-mem.oem4f (.text:xdc_runtime_Core_deleteObject__I)
                  000038ca    00000002     sr04_rtos_pem4f.oem4f (.text:xdc_runtime_Startup_reset__I)
                  000038cc    00000064     drivers_tivaware.aem4f : GPIOTiva.oem4f (.text:GPIO_hwiIntFxn)
                  00003930    00000064     sysbios.aem4f : BIOS.obj (.text:ti_sysbios_family_arm_lm4_Timer_Module_startup__E)
                  00003994    00000064     sr04_rtos_pem4f.oem4f (.text:ti_sysbios_family_arm_m3_Hwi_create)
                  000039f8    00000064     sysbios.aem4f : BIOS.obj (.text:ti_sysbios_family_arm_m3_Hwi_dispatchC__I)
                  00003a5c    00000060     driverlib.lib : timer.obj (.text:TimerConfigure)
                  00003abc    00000004     ti.targets.arm.rtsarm.aem4f : System.oem4f (.text:xdc_runtime_System_aprintf_va__F)
                  00003ac0    00000060     sysbios.aem4f : BIOS.obj (.text:ti_sysbios_family_arm_lm4_Timer_isrStub__E)
                  00003b20    00000060                   : BIOS.obj (.text:ti_sysbios_knl_Task_schedule__I)
                  00003b80    00000060     sr04.obj (.text:triggerPin_init)
                  00003be0    0000005c     sysbios.aem4f : BIOS.obj (.text:ti_sysbios_knl_Swi_run__I)
                  00003c3c    00000004     ti.targets.arm.rtsarm.aem4f : System.oem4f (.text:xdc_runtime_System_printf_va__F)
                  00003c40    0000005c     sysbios.aem4f : BIOS.obj (.text:ti_sysbios_knl_Swi_schedule__I)
                  00003c9c    00000004     --HOLE-- [fill = 0]
                  00003ca0    0000005c                   : BIOS.obj (.text:ti_sysbios_knl_Task_Module_startup__E)
                  00003cfc    00000004     --HOLE-- [fill = 0]
                  00003d00    0000005c                   : BIOS.obj (.text:ti_sysbios_knl_Task_startCore__E)
                  00003d5c    0000005b     ti.targets.arm.rtsarm.aem4f : Text.oem4f (.text:xdc_runtime_Text_putLab__E)
                  00003db7    00000001     --HOLE-- [fill = 0]
                  00003db8    00000058     boot.aem4f : boot.oem4f (.text)
                  00003e10    00000058     rtsv7M4_T_le_v4SPD16_eabi.lib : hostwrite.c.obj (.text:HOSTwrite)
                  00003e68    00000058     sysbios.aem4f : m3_Hwi_asm_switch.obj (.text:ti_sysbios_family_arm_m3_Hwi_initStacks__E)
                  00003ec0    00000056     driverlib.lib : gpio.obj (.text:GPIOIntTypeSet)
                  00003f16    00000002     --HOLE-- [fill = 0]
                  00003f18    00000054     sr04.obj (.text:configTimeOut)
                  00003f6c    00000054     ti.targets.arm.rtsarm.aem4f : Assert.oem4f (.text:xdc_runtime_Assert_raise__I)
                  00003fc0    00000050     drivers_tivaware.aem4f : GPIOTiva.oem4f (.text:GPIO_setCallback)
                  00004010    00000050                            : GPIOTiva.oem4f (.text:GPIO_toggle)
                  00004060    00000050                            : GPIOTiva.oem4f (.text:GPIO_write)
                  000040b0    00000050     driverlib.lib : sysctl.obj (.text:SysCtlPeripheralReset)
                  00004100    00000050     sysbios.aem4f : BIOS.obj (.text:ti_sysbios_family_arm_m3_Hwi_Module_startup__E)
                  00004150    00000050     ti.targets.arm.rtsarm.aem4f : Startup.oem4f (.text:xdc_runtime_Startup_exec__E)
                  000041a0    00000050                                 : Text.oem4f (.text:xdc_runtime_Text_visitRope2__I)
                  000041f0    0000004c     rtsv7M4_T_le_v4SPD16_eabi.lib : cpy_tbl.c.obj (.text:copy_in)
                  0000423c    00000004     --HOLE-- [fill = 0]
                  00004240    0000004c     sysbios.aem4f : BIOS.obj (.text:ti_sysbios_heaps_HeapMem_getStats__E)
                  0000428c    00000004     --HOLE-- [fill = 0]
                  00004290    0000004c                   : BIOS.obj (.text:ti_sysbios_knl_Swi_runLoop__I)
                  000042dc    00000004     --HOLE-- [fill = 0]
                  000042e0    0000004c                   : BIOS.obj (.text:ti_sysbios_knl_Task_allBlockedFunction__I)
                  0000432c    00000048     driverlib.lib : gpio.obj (.text:GPIOPinConfigure)
                  00004374    00000004     --HOLE-- [fill = 0]
                  00004378    00000048     sysbios.aem4f : BIOS.obj (.text:ti_sysbios_family_arm_m3_Hwi_disableInterrupt__E)
                  000043c0    00000048                   : BIOS.obj (.text:ti_sysbios_family_arm_m3_Hwi_enableInterrupt__E)
                  00004408    00000048                   : BIOS.obj (.text:ti_sysbios_family_arm_m3_Hwi_excReserved__I)
                  00004450    00000046     ti.targets.arm.rtsarm.aem4f : Core-params.oem4f (.text:xdc_runtime_Core_assignParams__I)
                  00004496    00000002     --HOLE-- [fill = 0]
                  00004498    00000044     sr04.obj (.text:captureEvent_HWI)
                  000044dc    00000004     --HOLE-- [fill = 0]
                  000044e0    00000044     sysbios.aem4f : BIOS.obj (.text:ti_sysbios_family_arm_m3_Hwi_getStackInfo__E)
                  00004524    00000004     --HOLE-- [fill = 0]
                  00004528    00000044                   : BIOS.obj (.text:ti_sysbios_knl_Swi_post__E)
                  0000456c    00000044     ti.targets.arm.rtsarm.aem4f : Error.oem4f (.text:xdc_runtime_Error_setX__E)
                  000045b0    00000044                                 : SysMin.oem4f (.text:xdc_runtime_SysMin_flush__E)
                  000045f4    00000044                                 : Text.oem4f (.text:xdc_runtime_Text_xprintf__I)
                  00004638    00000040     EK_TM4C123GXL.obj (.text:EK_TM4C123GXL_initGeneral)
                  00004678    00000040     rtsv7M4_T_le_v4SPD16_eabi.lib : u_divt2.asm.obj (.text)
                  000046b8    00000040     sysbios.aem4f : BIOS.obj (.text:ti_sysbios_family_arm_lm4_Timer_startup__E)
                  000046f8    0000003c                   : BIOS.obj (.text:ti_sysbios_family_arm_m3_Hwi_excSvCall__I)
                  00004734    00000004     --HOLE-- [fill = 0]
                  00004738    0000003c                   : BIOS.obj (.text:ti_sysbios_heaps_HeapMem_init__I)
                  00004774    00000004     --HOLE-- [fill = 0]
                  00004778    0000003c                   : BIOS.obj (.text:ti_sysbios_knl_Swi_restore__E)
                  000047b4    00000038     driverlib.lib : sysctl.obj (.text:SysCtlPeripheralReady)
                  000047ec    00000038     rtsv7M4_T_le_v4SPD16_eabi.lib : trgmsg.c.obj (.text:__TI_writemsg)
                  00004824    00000004     --HOLE-- [fill = 0]
                  00004828    00000038     sysbios.aem4f : BIOS.obj (.text:ti_sysbios_family_arm_m3_Hwi_excNoIsr__I)
                  00004860    00000038                   : BIOS.obj (.text:ti_sysbios_knl_Task_processVitalTaskFlag__I)
                  00004898    00000038     ti.targets.arm.rtsarm.aem4f : SysMin.oem4f (.text:xdc_runtime_SysMin_putch__E)
                  000048d0    00000038                                 : System.oem4f (.text:xdc_runtime_System_atexit__E)
                  00004908    00000034     driverlib.lib : sysctl.obj (.text:SysCtlPeripheralEnable)
                  0000493c    00000034     rtsv7M4_T_le_v4SPD16_eabi.lib : trgmsg.c.obj (.text:__TI_readmsg)
                  00004970    00000034     sysbios.aem4f : BIOS.obj (.text:ti_sysbios_family_arm_m3_Hwi_Instance_finalize__E)
                  000049a4    00000004     --HOLE-- [fill = 0]
                  000049a8    00000034                   : BIOS.obj (.text:ti_sysbios_family_arm_m3_Hwi_excNmi__I)
                  000049dc    00000004     --HOLE-- [fill = 0]
                  000049e0    00000034                   : BIOS.obj (.text:ti_sysbios_hal_Hwi_checkStack)
                  00004a14    00000034     sr04.obj (.text:triggerPin_HWI)
                  00004a48    00000034     ti.targets.arm.rtsarm.aem4f : Core-label.oem4f (.text:xdc_runtime_Core_assignLabel__I)
                  00004a7c    00000033                                 : Text.oem4f (.text:xdc_runtime_Text_printVisFxn__I)
                  00004aaf    00000001     --HOLE-- [fill = 0]
                  00004ab0    00000032     sysbios.aem4f : BIOS.obj (.text:ti_sysbios_hal_Hwi_initStack)
                  00004ae2    00000002     --HOLE-- [fill = 0]
                  00004ae4    00000030     EK_TM4C123GXL.obj (.text:EK_TM4C123GXL_initGPIO)
                  00004b14    00000030     sr04_rtos_pem4f.oem4f (.text:ti_sysbios_BIOS_atExitFunc__I)
                  00004b44    00000004     --HOLE-- [fill = 0]
                  00004b48    00000030     sysbios.aem4f : BIOS.obj (.text:ti_sysbios_family_arm_lm4_Timer_stop__E)
                  00004b78    00000030                   : BIOS.obj (.text:ti_sysbios_family_arm_m3_TaskSupport_start__E)
                  00004ba8    00000030     sr04_rtos_pem4f.oem4f (.text:ti_sysbios_gates_GateHwi_Object__create__S)
                  00004bd8    00000030     sr04_rtos_pem4f.oem4f (.text:ti_sysbios_gates_GateMutex_Object__create__S)
                  00004c08    00000030     sr04_rtos_pem4f.oem4f (.text:ti_sysbios_heaps_HeapMem_Object__create__S)
                  00004c38    00000030     sr04_rtos_pem4f.oem4f (.text:ti_sysbios_knl_Semaphore_construct)
                  00004c68    00000030     sysbios.aem4f : BIOS.obj (.text:ti_sysbios_knl_Semaphore_pendTimeout__I)
                  00004c98    00000030                   : BIOS.obj (.text:ti_sysbios_knl_Task_unblockI__E)
                  00004cc8    00000030     ti.targets.arm.rtsarm.aem4f : SysMin.oem4f (.text:xdc_runtime_SysMin_abort__E)
                  00004cf8    00000030                                 : System.oem4f (.text:xdc_runtime_System_processAtExit__E)
                  00004d28    0000002c     sr04_rtos_pem4f.oem4f (.text:ti_sysbios_knl_Clock_doTick__I)
                  00004d54    0000002c     sr04_rtos_pem4f.oem4f (.text:ti_sysbios_knl_Queue_construct)
                  00004d80    0000002c     sysbios.aem4f : BIOS.obj (.text:ti_sysbios_knl_Task_restore__E)
                  00004dac    0000002c     ti.targets.arm.rtsarm.aem4f : Text.oem4f (.text:xdc_runtime_Text_cordText__E)
                  00004dd8    0000002a     driverlib.lib : gpio.obj (.text:GPIODirModeSet)
                  00004e02    0000002a     ti.targets.arm.rtsarm.aem4f : System.oem4f (.text:xdc_runtime_System_putchar__I)
                  00004e2c    00000004     --HOLE-- [fill = 0]
                  00004e30    00000028     sysbios.aem4f : BIOS.obj (.text:ti_sysbios_knl_Swi_Module_startup__E)
                  00004e58    00000026                   : m3_Hwi_asm.obj (.text:ti_sysbios_family_arm_m3_Hwi_pendSV__I)
                  00004e7e    00000026     ti.targets.arm.rtsarm.aem4f : System.oem4f (.text:xdc_runtime_System_avprintf__E)
                  00004ea4    00000024     sr04_rtos_pem4f.oem4f (.text:ti_sysbios_BIOS_errorRaiseHook__I)
                  00004ec8    00000024     sr04_rtos_pem4f.oem4f (.text:ti_sysbios_BIOS_registerRTSLock__I)
                  00004eec    00000024     sr04_rtos_pem4f.oem4f (.text:ti_sysbios_BIOS_removeRTSLock__I)
                  00004f10    00000024     sr04_rtos_pem4f.oem4f (.text:ti_sysbios_BIOS_startFunc__I)
                  00004f34    00000024     sr04_rtos_pem4f.oem4f (.text:ti_sysbios_gates_GateMutex_Object__delete__S)
                  00004f58    00000024     sysbios.aem4f : BIOS.obj (.text:ti_sysbios_knl_Clock_Module_startup__E)
                  00004f7c    00000004     --HOLE-- [fill = 0]
                  00004f80    00000024                   : BIOS.obj (.text:ti_sysbios_knl_Task_restoreHwi__E)
                  00004fa4    00000024     ti.targets.arm.rtsarm.aem4f : System.oem4f (.text:xdc_runtime_System_vprintf__E)
                  00004fc8    00000022     driverlib.lib : pwm.obj (.text:PWMGenConfigure)
                  00004fea    00000006                   : gpio.obj (.text:GPIOIntClear)
                  00004ff0    00000022     sysbios.aem4f : BIOS.obj (.text:ti_sysbios_family_arm_lm4_Timer_write__I)
                  00005012    00000022     sr04_rtos_pem4f.oem4f (.text:xdc_runtime_SysMin_output__I)
                  00005034    00000020     sr04.obj (.text:interruptTimeOut_HWI)
                  00005054    00000020     sr04_rtos_pem4f.oem4f (.text:ti_sysbios_BIOS_rtsLock__I)
                  00005074    00000020     sysbios.aem4f : m3_Hwi_asm.obj (.text:ti_sysbios_family_arm_m3_Hwi_excHandlerAsm__I)
                  00005094    00000004     --HOLE-- [fill = 0]
                  00005098    00000020                   : BIOS.obj (.text:ti_sysbios_family_arm_m3_Hwi_excHandler__I)
                  000050b8    00000020     sr04_rtos_pem4f.oem4f (.text:ti_sysbios_gates_GateHwi_Object__delete__S)
                  000050d8    00000020     sr04_rtos_pem4f.oem4f (.text:ti_sysbios_heaps_HeapMem_Object__delete__S)
                  000050f8    00000020     sysbios.aem4f : BIOS.obj (.text:ti_sysbios_knl_Idle_run__E)
                  00005118    00000020     sr04_rtos_pem4f.oem4f (.text:ti_sysbios_knl_Semaphore_Object__destruct__S)
                  00005138    00000020     sr04.obj (.text:triggerSr04)
                  00005158    00000020     ti.targets.arm.rtsarm.aem4f : Registry.oem4f (.text:xdc_runtime_Registry_findById__E)
                  00005178    00000020                                 : SysMin.oem4f (.text:xdc_runtime_SysMin_Module_startup__E)
                  00005198    0000001e     driverlib.lib : pwm.obj (.text:PWMPulseWidthSet)
                  000051b6    0000001e     sr04.obj (.text:getDistance_TASK)
                  000051d4    0000001e     sysbios.aem4f : m3_Hwi_asm_switch.obj (.text:ti_sysbios_family_xxx_Hwi_switchAndRunFunc)
                  000051f2    0000001c     drivers_tivaware.aem4f : GPIOTiva.oem4f (.text:getGpioIntIndex)
                  0000520e    00000002     --HOLE-- [fill = 0]
                  00005210    0000001c     sr04.obj (.text:setTimerOut)
                  0000522c    00000004     --HOLE-- [fill = 0]
                  00005230    0000001c     sysbios.aem4f : BIOS.obj (.text:ti_sysbios_gates_GateMutex_Instance_init__E)
                  0000524c    0000001c     sr04_rtos_pem4f.oem4f (.text:ti_sysbios_knl_Queue_Object__destruct__S)
                  00005268    0000001c     sysbios.aem4f : BIOS.obj (.text:ti_sysbios_knl_Task_enter__I)
                  00005284    0000001c     ti.targets.arm.rtsarm.aem4f : Error.oem4f (.text:xdc_runtime_Error_raiseX__E)
                  000052a0    0000001c                                 : Memory.oem4f (.text:xdc_runtime_Memory_valloc__E)
                  000052bc    0000001c                                 : SysMin.oem4f (.text:xdc_runtime_SysMin_exit__E)
                  000052d8    0000001c                                 : System.oem4f (.text:xdc_runtime_System_abort__E)
                  000052f4    0000001a     sr04_rtos_pem4f.oem4f (.text:ti_sysbios_family_arm_m3_Hwi_Handle__label__S)
                  0000530e    0000001a     sr04_rtos_pem4f.oem4f (.text:ti_sysbios_gates_GateHwi_Handle__label__S)
                  00005328    0000001a     sr04_rtos_pem4f.oem4f (.text:ti_sysbios_gates_GateMutex_Handle__label__S)
                  00005342    0000001a     sr04_rtos_pem4f.oem4f (.text:ti_sysbios_heaps_HeapMem_Handle__label__S)
                  0000535c    0000001a     sr04_rtos_pem4f.oem4f (.text:ti_sysbios_knl_Swi_Handle__label__S)
                  00005376    0000001a     sr04_rtos_pem4f.oem4f (.text:ti_sysbios_knl_Task_Handle__label__S)
                  00005390    0000001a     sr04_rtos_pem4f.oem4f (.text:xdc_runtime_System_aprintf__E)
                  000053aa    0000001a     sr04_rtos_pem4f.oem4f (.text:xdc_runtime_System_printf__E)
                  000053c4    00000018     driverlib.lib : gpio.obj (.text:GPIOPinTypeGPIOOutput)
                  000053dc    00000018     rtsv7M4_T_le_v4SPD16_eabi.lib : args_main.c.obj (.text:_args_main)
                  000053f4    00000018     sr04_rtos_pem4f.oem4f (.text:ti_sysbios_BIOS_rtsUnlock__I)
                  0000540c    00000018     sr04_rtos_pem4f.oem4f (.text:ti_sysbios_family_arm_lm4_Timer_Module__startupDone__F)
                  00005424    00000018     sr04_rtos_pem4f.oem4f (.text:ti_sysbios_family_arm_m3_Hwi_Module__startupDone__F)
                  0000543c    00000018     sysbios.aem4f : m3_TaskSupport_asm.obj (.text:ti_sysbios_family_arm_m3_TaskSupport_swap__E)
                  00005454    00000004     --HOLE-- [fill = 0]
                  00005458    00000018                   : BIOS.obj (.text:ti_sysbios_gates_GateMutex_leave__E)
                  00005470    00000018                   : BIOS.obj (.text:ti_sysbios_knl_Task_sleepTimeout__I)
                  00005488    00000018     ti.targets.arm.rtsarm.aem4f : Error.oem4f (.text:xdc_runtime_Error_check__E)
                  000054a0    00000018                                 : System.oem4f (.text:xdc_runtime_System_exit__E)
                  000054b8    00000018                                 : Text.oem4f (.text:xdc_runtime_Text_ropeText__E)
                  000054d0    00000016     driverlib.lib : timer.obj (.text:TimerControlEvent)
                  000054e6    00000016     sr04_rtos_pem4f.oem4f (.text:ti_sysbios_BIOS_exitFunc__I)
                  000054fc    00000014     driverlib.lib : sysctl.obj (.text:SysCtlPWMClockSet)
                  00005510    00000014                   : timer.obj (.text:TimerDisable)
                  00005524    00000014     sr04.obj (.text:disableTimeOut)
                  00005538    00000014     rtsv7M4_T_le_v4SPD16_eabi.lib : strlen.c.obj (.text:strlen)
                  0000554c    00000014     sr04_rtos_pem4f.oem4f (.text:ti_sysbios_family_arm_m3_Hwi_Object__get__S)
                  00005560    00000014     sysbios.aem4f : BIOS.obj (.text:ti_sysbios_family_arm_m3_Hwi_switchFromBootStack__E)
                  00005574    00000014     sr04_rtos_pem4f.oem4f (.text:ti_sysbios_heaps_HeapMem_Object__get__S)
                  00005588    00000014     sr04_rtos_pem4f.oem4f (.text:ti_sysbios_knl_Swi_Object__get__S)
                  0000559c    00000012     driverlib.lib : gpio.obj (.text:GPIOPinTypeGPIOInput)
                  000055ae    00000012                   : gpio.obj (.text:GPIOPinTypePWM)
                  000055c0    00000012                   : gpio.obj (.text:GPIOPinTypeTimer)
                  000055d2    00000012                   : pwm.obj (.text:PWMOutputState)
                  000055e4    00000012                   : timer.obj (.text:TimerLoadSet)
                  000055f6    00000012                   : timer.obj (.text:TimerPrescaleSet)
                  00005608    00000012     sysbios.aem4f : BIOS.obj (.text:ti_sysbios_hal_Hwi_Module_startup__E)
                  0000561a    00000012     sr04_rtos_pem4f.oem4f (.text:xdc_runtime_Startup_exec__I)
                  0000562c    00000010     driverlib.lib : pwm.obj (.text:PWMDeadBandEnable)
                  0000563c    00000010                   : pwm.obj (.text:PWMGenPeriodSet)
                  0000564c    00000004     --HOLE-- [fill = 0]
                  00005650    00000010     sysbios.aem4f : BIOS.obj (.text:ti_sysbios_BIOS_setThreadType__E)
                  00005660    00000010                   : BIOS.obj (.text:ti_sysbios_BIOS_start__E)
                  00005670    00000010                   : m3_TaskSupport_asm.obj (.text:ti_sysbios_family_arm_m3_TaskSupport_glue)
                  00005680    00000010                   : BIOS.obj (.text:ti_sysbios_gates_GateMutex_Instance_finalize__E)
                  00005690    00000010                   : BIOS.obj (.text:ti_sysbios_knl_Semaphore_Instance_finalize__E)
                  000056a0    00000010                   : BIOS.obj (.text:ti_sysbios_knl_Swi_disable__E)
                  000056b0    00000010     sr04_rtos_pem4f.oem4f (.text:ti_sysbios_knl_Task_Object__get__S)
                  000056c0    00000010     sysbios.aem4f : BIOS.obj (.text:ti_sysbios_knl_Task_disable__E)
                  000056d0    00000010     ti.targets.arm.rtsarm.aem4f : Gate.oem4f (.text:xdc_runtime_Gate_leaveSystem__E)
                  000056e0    00000010                                 : Memory.oem4f (.text:xdc_runtime_Memory_free__E)
                  000056f0    00000010                                 : SysMin.oem4f (.text:xdc_runtime_SysMin_ready__E)
                  00005700    00000010                                 : System.oem4f (.text:xdc_runtime_System_vsnprintf__E)
                  00005710    00000010     sr04_rtos_pem4f.oem4f (.text:xdc_runtime_Text_visitRope__I)
                  00005720    0000000e     driverlib.lib : gpio.obj (.text:GPIOIntStatus)
                  0000572e    0000000e                   : timer.obj (.text:TimerEnable)
                  0000573c    0000000e     rtsv7M4_T_le_v4SPD16_eabi.lib : copy_decompress_none.c.obj (.text:decompress:none:__TI_decompress_none)
                  0000574a    00000006     driverlib.lib : gpio.obj (.text:GPIOPinRead)
                  00005750    0000000e     sysbios.aem4f : BIOS.obj (.text:ti_sysbios_knl_Idle_loop__E)
                  0000575e    00000002     --HOLE-- [fill = 0]
                  00005760    0000000e                   : BIOS.obj (.text:ti_sysbios_knl_Queue_empty__E)
                  0000576e    00000002     --HOLE-- [fill = 0]
                  00005770    0000000c     sr04_rtos_pem4f.oem4f (.text:.bootCodeSection:ti_catalog_arm_cortexm4_tiva_ce_Boot_init__I)
                  0000577c    0000000c     driverlib.lib : pwm.obj (.text:PWMGenEnable)
                  00005788    0000000c     rtsv7M4_T_le_v4SPD16_eabi.lib : _lock.c.obj (.text:_register_lock)
                  00005794    0000000c                                   : _lock.c.obj (.text:_register_unlock)
                  000057a0    0000000c                                   : copy_zero_init.c.obj (.text:decompress:ZI:__TI_zero_init)
                  000057ac    00000004     --HOLE-- [fill = 0]
                  000057b0    0000000c     sysbios.aem4f : BIOS.obj (.text:ti_sysbios_family_arm_lm4_Timer_getMaxTicks__E)
                  000057bc    0000000c     sr04_rtos_pem4f.oem4f (.text:ti_sysbios_family_arm_m3_Hwi_Params__init__S)
                  000057c8    0000000c     sysbios.aem4f : BIOS.obj (.text:ti_sysbios_family_arm_m3_Hwi_disableFxn__E)
                  000057d4    00000004     --HOLE-- [fill = 0]
                  000057d8    0000000c                   : BIOS.obj (.text:ti_sysbios_family_arm_m3_TaskSupport_checkStack__E)
                  000057e4    00000004     --HOLE-- [fill = 0]
                  000057e8    0000000c                   : BIOS.obj (.text:ti_sysbios_gates_GateHwi_enter__E)
                  000057f4    0000000c     sr04_rtos_pem4f.oem4f (.text:ti_sysbios_knl_Queue_Object__get__S)
                  00005800    0000000c     ti.targets.arm.rtsarm.aem4f : Error.oem4f (.text:xdc_runtime_Error_init__E)
                  0000580c    0000000c                                 : Gate.oem4f (.text:xdc_runtime_Gate_enterSystem__E)
                  00005818    0000000c                                 : Memory.oem4f (.text:xdc_runtime_Memory_calloc__E)
                  00005824    0000000c                                 : Memory.oem4f (.text:xdc_runtime_Memory_getMaxDefaultTypeAlign__E)
                  00005830    0000000a     driverlib.lib : timer.obj (.text:TimerValueGet)
                  0000583a    0000000a     sr04_rtos_pem4f.oem4f (.text:xdc_runtime_IHeap_alloc)
                  00005844    0000000a     sr04_rtos_pem4f.oem4f (.text:xdc_runtime_IHeap_free)
                  0000584e    00000008     driverlib.lib : timer.obj (.text:TimerIntEnable)
                  00005856    00000008     sysbios.aem4f : BIOS.obj (.text:ti_sysbios_family_arm_lm4_Timer_masterDisable__I)
                  0000585e    00000002     --HOLE-- [fill = 0]
                  00005860    00000008                   : BIOS.obj (.text:ti_sysbios_family_arm_m3_Hwi_doSwiRestore__I)
                  00005868    00000008                   : BIOS.obj (.text:ti_sysbios_family_arm_m3_Hwi_startup__E)
                  00005870    00000006     driverlib.lib : gpio.obj (.text:GPIOPinWrite)
                  00005876    00000006                   : sysctl.obj (.text:SysCtlDelay)
                  0000587c    00000006     Boot.aem4f : Boot_sysctl.oem4f (.text:ti_catalog_arm_cortexm4_tiva_ce_Boot_sysCtlDelayI__I)
                  00005882    00000006     ti.targets.arm.rtsarm.aem4f : System.oem4f (.text:xdc_runtime_System_Module_startup__E)
                  00005888    00000006     sysbios.aem4f : BIOS.obj (.text:ti_sysbios_family_arm_m3_Hwi_doTaskRestore__I)
                  0000588e    00000002     --HOLE-- [fill = 0]
                  00005890    00000006                   : BIOS.obj (.text:ti_sysbios_family_arm_m3_Hwi_restoreFxn__E)
                  00005896    00000002     --HOLE-- [fill = 0]
                  00005898    00000006                   : BIOS.obj (.text:ti_sysbios_gates_GateHwi_leave__E)
                  0000589e    00000002     --HOLE-- [fill = 0]
                  000058a0    00000006                   : BIOS.obj (.text:ti_sysbios_heaps_HeapMem_isBlocking__E)
                  000058a6    00000002     --HOLE-- [fill = 0]
                  000058a8    00000006                   : BIOS.obj (.text:ti_sysbios_knl_Queue_Instance_init__E)
                  000058ae    00000002     --HOLE-- [fill = 0]
                  000058b0    00000006                   : BIOS.obj (.text:ti_sysbios_knl_Swi_startup__E)
                  000058b6    00000002     --HOLE-- [fill = 0]
                  000058b8    00000004                   : BIOS.obj (.text:ti_sysbios_gates_GateHwi_query__E)
                  000058bc    00000004     --HOLE-- [fill = 0]
                  000058c0    00000004                   : BIOS.obj (.text:ti_sysbios_gates_GateMutex_query__E)
                  000058c4    00000004     --HOLE-- [fill = 0]
                  000058c8    00000004                   : BIOS.obj (.text:ti_sysbios_knl_Task_startup__E)
                  000058cc    00000004     --HOLE-- [fill = 0]
                  000058d0    00000002                   : BIOS.obj (.text:ti_sysbios_gates_GateHwi_Instance_init__E)
                  000058d2    00000006     --HOLE-- [fill = 0]
                  000058d8    00000002                   : BIOS.obj (.text:ti_sysbios_knl_Clock_logTick__E)

.const     0    000058dc    00001fb2     
                  000058dc    000018e9     sr04_rtos_pem4f.oem4f (.const:xdc_runtime_Text_charTab__A)
                  000071c5    00000001     sr04_rtos_pem4f.oem4f (.const:xdc_runtime_Error_policy__C)
                  000071c6    000000bc     sr04_rtos_pem4f.oem4f (.const:xdc_runtime_Text_nodeTab__A)
                  00007282    00000002     sr04_rtos_pem4f.oem4f (.const:ti_catalog_arm_cortexm4_tiva_ce_Boot_Module__id__C)
                  00007284    00000090     driverlib.lib : gpio.obj (.const:g_pui32GPIOBaseAddrs)
                  00007314    00000070                   : interrupt.obj (.const)
                  00007384    00000054     drivers_tivaware.aem4f : GPIOTiva.oem4f (.const:.string)
                  000073d8    00000048     sr04_rtos_pem4f.oem4f (.const:.string)
                  00007420    00000048     drivers_tivaware.aem4f : GPIOTiva.oem4f (.const:gpioBaseAddresses)
                  00007468    00000030     sr04_rtos_pem4f.oem4f (.const:ti_sysbios_family_arm_m3_Hwi_Object__PARAMS__C)
                  00007498    00000028     sr04_rtos_pem4f.oem4f (.const:ti_sysbios_heaps_HeapMem_Module__FXNS__C)
                  000074c0    00000024     sr04_rtos_pem4f.oem4f (.const:ti_sysbios_gates_GateHwi_Module__FXNS__C)
                  000074e4    00000024     sr04_rtos_pem4f.oem4f (.const:ti_sysbios_gates_GateMutex_Module__FXNS__C)
                  00007508    00000024     sr04_rtos_pem4f.oem4f (.const:ti_sysbios_heaps_HeapMem_Object__PARAMS__C)
                  0000752c    00000024     sr04_rtos_pem4f.oem4f (.const:ti_sysbios_knl_Semaphore_Object__PARAMS__C)
                  00007550    00000020     sr04_rtos_pem4f.oem4f (.const:ti_sysbios_family_arm_m3_Hwi_Object__DESC__C)
                  00007570    00000020     sr04_rtos_pem4f.oem4f (.const:ti_sysbios_gates_GateHwi_Object__DESC__C)
                  00007590    00000020     sr04_rtos_pem4f.oem4f (.const:ti_sysbios_gates_GateMutex_Object__DESC__C)
                  000075b0    00000020     sr04_rtos_pem4f.oem4f (.const:ti_sysbios_heaps_HeapMem_Object__DESC__C)
                  000075d0    00000020     sr04_rtos_pem4f.oem4f (.const:ti_sysbios_knl_Queue_Object__DESC__C)
                  000075f0    00000020     sr04_rtos_pem4f.oem4f (.const:ti_sysbios_knl_Semaphore_Object__DESC__C)
                  00007610    00000020     sr04_rtos_pem4f.oem4f (.const:xdc_runtime_Startup_sfxnTab__A)
                  00007630    00000018     sr04_rtos_pem4f.oem4f (.const)
                  00007648    00000018     sr04_rtos_pem4f.oem4f (.const:ti_sysbios_gates_GateHwi_Object__PARAMS__C)
                  00007660    00000018     sr04_rtos_pem4f.oem4f (.const:ti_sysbios_gates_GateMutex_Object__PARAMS__C)
                  00007678    00000018     sr04_rtos_pem4f.oem4f (.const:ti_sysbios_knl_Queue_Object__PARAMS__C)
                  00007690    00000014     EK_TM4C123GXL.obj (.const:GPIOTiva_config)
                  000076a4    00000014     sr04_rtos_pem4f.oem4f (.const:xdc_runtime_Startup_firstFxns__A)
                  000076b8    00000010     sr04_rtos_pem4f.oem4f (.const:xdc_runtime_Startup_sfxnRts__A)
                  000076c8    00000008     sr04_rtos_pem4f.oem4f (.const:ti_sysbios_family_arm_m3_Hwi_excHookFuncs__A)
                  000076d0    00000008     sr04_rtos_pem4f.oem4f (.const:ti_sysbios_knl_Idle_funcList__C)
                  000076d8    00000008     sr04_rtos_pem4f.oem4f (.const:xdc_runtime_Startup_firstFxns__C)
                  000076e0    00000008     sr04_rtos_pem4f.oem4f (.const:xdc_runtime_Startup_lastFxns__C)
                  000076e8    00000004     sr04_rtos_pem4f.oem4f (.const:ti_catalog_arm_cortexm4_tiva_ce_Boot_A_mustUseEnhancedClockMode__C)
                  000076ec    00000004     sr04_rtos_pem4f.oem4f (.const:ti_catalog_arm_cortexm4_tiva_ce_Boot_Module__diagsEnabled__C)
                  000076f0    00000004     sr04_rtos_pem4f.oem4f (.const:ti_catalog_arm_cortexm4_tiva_ce_Boot_Module__diagsIncluded__C)
                  000076f4    00000004     sr04_rtos_pem4f.oem4f (.const:ti_catalog_arm_cortexm4_tiva_ce_Boot_Module__diagsMask__C)
                  000076f8    00000004     sr04_rtos_pem4f.oem4f (.const:ti_sysbios_family_arm_lm4_Timer_enableFunc__C)
                  000076fc    00000004     sr04_rtos_pem4f.oem4f (.const:ti_sysbios_family_arm_lm4_Timer_numTimerDevices__C)
                  00007700    00000004     sr04_rtos_pem4f.oem4f (.const:ti_sysbios_family_arm_lm4_Timer_startupNeeded__C)
                  00007704    00000004     sr04_rtos_pem4f.oem4f (.const:ti_sysbios_family_arm_m3_Hwi_E_NMI__C)
                  00007708    00000004     sr04_rtos_pem4f.oem4f (.const:ti_sysbios_family_arm_m3_Hwi_E_alreadyDefined__C)
                  0000770c    00000004     sr04_rtos_pem4f.oem4f (.const:ti_sysbios_family_arm_m3_Hwi_E_busFault__C)
                  00007710    00000004     sr04_rtos_pem4f.oem4f (.const:ti_sysbios_family_arm_m3_Hwi_E_debugMon__C)
                  00007714    00000004     sr04_rtos_pem4f.oem4f (.const:ti_sysbios_family_arm_m3_Hwi_E_hardFault__C)
                  00007718    00000004     sr04_rtos_pem4f.oem4f (.const:ti_sysbios_family_arm_m3_Hwi_E_memFault__C)
                  0000771c    00000004     sr04_rtos_pem4f.oem4f (.const:ti_sysbios_family_arm_m3_Hwi_E_noIsr__C)
                  00007720    00000004     sr04_rtos_pem4f.oem4f (.const:ti_sysbios_family_arm_m3_Hwi_E_reserved__C)
                  00007724    00000004     sr04_rtos_pem4f.oem4f (.const:ti_sysbios_family_arm_m3_Hwi_E_svCall__C)
                  00007728    00000004     sr04_rtos_pem4f.oem4f (.const:ti_sysbios_family_arm_m3_Hwi_E_usageFault__C)
                  0000772c    00000004     sr04_rtos_pem4f.oem4f (.const:ti_sysbios_family_arm_m3_Hwi_NUM_INTERRUPTS__C)
                  00007730    00000004     sr04_rtos_pem4f.oem4f (.const:ti_sysbios_family_arm_m3_Hwi_Object__count__C)
                  00007734    00000004     sr04_rtos_pem4f.oem4f (.const:ti_sysbios_family_arm_m3_Hwi_ccr__C)
                  00007738    00000004     sr04_rtos_pem4f.oem4f (.const:ti_sysbios_family_arm_m3_Hwi_excHandlerFunc__C)
                  0000773c    00000004     sr04_rtos_pem4f.oem4f (.const:ti_sysbios_family_arm_m3_Hwi_excHookFuncs__C)
                  00007740    00000004     sr04_rtos_pem4f.oem4f (.const:ti_sysbios_family_arm_m3_Hwi_nullIsrFunc__C)
                  00007744    00000004     sr04_rtos_pem4f.oem4f (.const:ti_sysbios_family_arm_m3_Hwi_priGroup__C)
                  00007748    00000004     sr04_rtos_pem4f.oem4f (.const:ti_sysbios_gates_GateMutex_A_badContext__C)
                  0000774c    00000004     sr04_rtos_pem4f.oem4f (.const:ti_sysbios_gates_GateMutex_Instance_State_sem__O)
                  00007750    00000004     sr04_rtos_pem4f.oem4f (.const:ti_sysbios_gates_GateMutex_Module__diagsEnabled__C)
                  00007754    00000004     sr04_rtos_pem4f.oem4f (.const:ti_sysbios_gates_GateMutex_Module__diagsIncluded__C)
                  00007758    00000004     sr04_rtos_pem4f.oem4f (.const:ti_sysbios_gates_GateMutex_Module__diagsMask__C)
                  0000775c    00000004     sr04_rtos_pem4f.oem4f (.const:ti_sysbios_hal_Hwi_E_stackOverflow__C)
                  00007760    00000004     sr04_rtos_pem4f.oem4f (.const:ti_sysbios_heaps_HeapMem_A_align__C)
                  00007764    00000004     sr04_rtos_pem4f.oem4f (.const:ti_sysbios_heaps_HeapMem_A_heapSize__C)
                  00007768    00000004     sr04_rtos_pem4f.oem4f (.const:ti_sysbios_heaps_HeapMem_A_invalidFree__C)
                  0000776c    00000004     sr04_rtos_pem4f.oem4f (.const:ti_sysbios_heaps_HeapMem_A_zeroBlock__C)
                  00007770    00000004     sr04_rtos_pem4f.oem4f (.const:ti_sysbios_heaps_HeapMem_E_memory__C)
                  00007774    00000004     sr04_rtos_pem4f.oem4f (.const:ti_sysbios_heaps_HeapMem_Module__diagsEnabled__C)
                  00007778    00000004     sr04_rtos_pem4f.oem4f (.const:ti_sysbios_heaps_HeapMem_Module__diagsIncluded__C)
                  0000777c    00000004     sr04_rtos_pem4f.oem4f (.const:ti_sysbios_heaps_HeapMem_Module__diagsMask__C)
                  00007780    00000004     sr04_rtos_pem4f.oem4f (.const:ti_sysbios_heaps_HeapMem_Module__gateObj__C)
                  00007784    00000004     sr04_rtos_pem4f.oem4f (.const:ti_sysbios_heaps_HeapMem_Object__count__C)
                  00007788    00000004     sr04_rtos_pem4f.oem4f (.const:ti_sysbios_heaps_HeapMem_reqAlign__C)
                  0000778c    00000004     sr04_rtos_pem4f.oem4f (.const:ti_sysbios_knl_Clock_Module_State_clockQ__O)
                  00007790    00000004     sr04_rtos_pem4f.oem4f (.const:ti_sysbios_knl_Idle_funcList__A)
                  00007794    00000004     sr04_rtos_pem4f.oem4f (.const:ti_sysbios_knl_Semaphore_A_badContext__C)
                  00007798    00000004     sr04_rtos_pem4f.oem4f (.const:ti_sysbios_knl_Semaphore_A_noEvents__C)
                  0000779c    00000004     sr04_rtos_pem4f.oem4f (.const:ti_sysbios_knl_Semaphore_A_overflow__C)
                  000077a0    00000004     sr04_rtos_pem4f.oem4f (.const:ti_sysbios_knl_Semaphore_A_pendTaskDisabled__C)
                  000077a4    00000004     sr04_rtos_pem4f.oem4f (.const:ti_sysbios_knl_Semaphore_Instance_State_pendQ__O)
                  000077a8    00000004     sr04_rtos_pem4f.oem4f (.const:ti_sysbios_knl_Semaphore_Module__diagsEnabled__C)
                  000077ac    00000004     sr04_rtos_pem4f.oem4f (.const:ti_sysbios_knl_Semaphore_Module__diagsIncluded__C)
                  000077b0    00000004     sr04_rtos_pem4f.oem4f (.const:ti_sysbios_knl_Semaphore_Module__diagsMask__C)
                  000077b4    00000004     sr04_rtos_pem4f.oem4f (.const:ti_sysbios_knl_Swi_Object__count__C)
                  000077b8    00000004     sr04_rtos_pem4f.oem4f (.const:ti_sysbios_knl_Task_A_badTimeout__C)
                  000077bc    00000004     sr04_rtos_pem4f.oem4f (.const:ti_sysbios_knl_Task_A_sleepTaskDisabled__C)
                  000077c0    00000004     sr04_rtos_pem4f.oem4f (.const:ti_sysbios_knl_Task_E_spOutOfBounds__C)
                  000077c4    00000004     sr04_rtos_pem4f.oem4f (.const:ti_sysbios_knl_Task_E_stackOverflow__C)
                  000077c8    00000004     sr04_rtos_pem4f.oem4f (.const:ti_sysbios_knl_Task_Module_State_inactiveQ__O)
                  000077cc    00000004     sr04_rtos_pem4f.oem4f (.const:ti_sysbios_knl_Task_Module__diagsEnabled__C)
                  000077d0    00000004     sr04_rtos_pem4f.oem4f (.const:ti_sysbios_knl_Task_Module__diagsIncluded__C)
                  000077d4    00000004     sr04_rtos_pem4f.oem4f (.const:ti_sysbios_knl_Task_Module__diagsMask__C)
                  000077d8    00000004     sr04_rtos_pem4f.oem4f (.const:ti_sysbios_knl_Task_Object__count__C)
                  000077dc    00000004     sr04_rtos_pem4f.oem4f (.const:ti_sysbios_knl_Task_allBlockedFunc__C)
                  000077e0    00000004     sr04_rtos_pem4f.oem4f (.const:ti_sysbios_knl_Task_numConstructedTasks__C)
                  000077e4    00000004     sr04_rtos_pem4f.oem4f (.const:xdc_runtime_Assert_E_assertFailed__C)
                  000077e8    00000004     sr04_rtos_pem4f.oem4f (.const:xdc_runtime_Core_A_initializedParams__C)
                  000077ec    00000004     sr04_rtos_pem4f.oem4f (.const:xdc_runtime_Core_Module__diagsEnabled__C)
                  000077f0    00000004     sr04_rtos_pem4f.oem4f (.const:xdc_runtime_Core_Module__diagsIncluded__C)
                  000077f4    00000004     sr04_rtos_pem4f.oem4f (.const:xdc_runtime_Core_Module__diagsMask__C)
                  000077f8    00000004     sr04_rtos_pem4f.oem4f (.const:xdc_runtime_Error_E_memory__C)
                  000077fc    00000004     sr04_rtos_pem4f.oem4f (.const:xdc_runtime_Error_Module__diagsEnabled__C)
                  00007800    00000004     sr04_rtos_pem4f.oem4f (.const:xdc_runtime_Error_Module__diagsIncluded__C)
                  00007804    00000004     sr04_rtos_pem4f.oem4f (.const:xdc_runtime_Error_Module__diagsMask__C)
                  00007808    00000004     sr04_rtos_pem4f.oem4f (.const:xdc_runtime_Error_Module__loggerFxn8__C)
                  0000780c    00000004     sr04_rtos_pem4f.oem4f (.const:xdc_runtime_Error_Module__loggerObj__C)
                  00007810    00000004     sr04_rtos_pem4f.oem4f (.const:xdc_runtime_Error_policyFxn__C)
                  00007814    00000004     sr04_rtos_pem4f.oem4f (.const:xdc_runtime_Error_raiseHook__C)
                  00007818    00000004     sr04_rtos_pem4f.oem4f (.const:xdc_runtime_IGateProvider_Interface__BASE__C)
                  0000781c    00000004     sr04_rtos_pem4f.oem4f (.const:xdc_runtime_IHeap_Interface__BASE__C)
                  00007820    00000004     sr04_rtos_pem4f.oem4f (.const:xdc_runtime_IModule_Interface__BASE__C)
                  00007824    00000004     sr04_rtos_pem4f.oem4f (.const:xdc_runtime_Log_L_error__C)
                  00007828    00000004     sr04_rtos_pem4f.oem4f (.const:xdc_runtime_Memory_defaultHeapInstance__C)
                  0000782c    00000004     sr04_rtos_pem4f.oem4f (.const:xdc_runtime_Startup_execImpl__C)
                  00007830    00000004     sr04_rtos_pem4f.oem4f (.const:xdc_runtime_Startup_maxPasses__C)
                  00007834    00000004     sr04_rtos_pem4f.oem4f (.const:xdc_runtime_Startup_sfxnRts__C)
                  00007838    00000004     sr04_rtos_pem4f.oem4f (.const:xdc_runtime_Startup_sfxnTab__C)
                  0000783c    00000004     sr04_rtos_pem4f.oem4f (.const:xdc_runtime_SysMin_bufSize__C)
                  00007840    00000004     sr04_rtos_pem4f.oem4f (.const:xdc_runtime_SysMin_outputFunc__C)
                  00007844    00000004     sr04_rtos_pem4f.oem4f (.const:xdc_runtime_System_Module__gateObj__C)
                  00007848    00000004     sr04_rtos_pem4f.oem4f (.const:xdc_runtime_System_abortFxn__C)
                  0000784c    00000004     sr04_rtos_pem4f.oem4f (.const:xdc_runtime_System_exitFxn__C)
                  00007850    00000004     sr04_rtos_pem4f.oem4f (.const:xdc_runtime_System_extendFxn__C)
                  00007854    00000004     sr04_rtos_pem4f.oem4f (.const:xdc_runtime_System_maxAtexitHandlers__C)
                  00007858    00000004     sr04_rtos_pem4f.oem4f (.const:xdc_runtime_Text_charTab__C)
                  0000785c    00000004     sr04_rtos_pem4f.oem4f (.const:xdc_runtime_Text_nameEmpty__C)
                  00007860    00000004     sr04_rtos_pem4f.oem4f (.const:xdc_runtime_Text_nameStatic__C)
                  00007864    00000004     sr04_rtos_pem4f.oem4f (.const:xdc_runtime_Text_nameUnknown__C)
                  00007868    00000004     sr04_rtos_pem4f.oem4f (.const:xdc_runtime_Text_nodeTab__C)
                  0000786c    00000004     sr04_rtos_pem4f.oem4f (.const:xdc_runtime_Text_visitRopeFxn__C)
                  00007870    00000002     sr04_rtos_pem4f.oem4f (.const:ti_sysbios_family_arm_m3_Hwi_Module__id__C)
                  00007872    00000002     sr04_rtos_pem4f.oem4f (.const:ti_sysbios_gates_GateMutex_Module__id__C)
                  00007874    00000002     sr04_rtos_pem4f.oem4f (.const:ti_sysbios_hal_Hwi_Module__id__C)
                  00007876    00000002     sr04_rtos_pem4f.oem4f (.const:ti_sysbios_heaps_HeapMem_Module__id__C)
                  00007878    00000002     sr04_rtos_pem4f.oem4f (.const:ti_sysbios_knl_Semaphore_Module__id__C)
                  0000787a    00000002     sr04_rtos_pem4f.oem4f (.const:ti_sysbios_knl_Task_Module__id__C)
                  0000787c    00000002     sr04_rtos_pem4f.oem4f (.const:xdc_runtime_Core_Module__id__C)
                  0000787e    00000002     sr04_rtos_pem4f.oem4f (.const:xdc_runtime_Error_Module__loggerDefined__C)
                  00007880    00000002     sr04_rtos_pem4f.oem4f (.const:xdc_runtime_Error_maxDepth__C)
                  00007882    00000002     sr04_rtos_pem4f.oem4f (.const:xdc_runtime_Memory_Module__id__C)
                  00007884    00000002     sr04_rtos_pem4f.oem4f (.const:xdc_runtime_SysMin_flushAtExit__C)
                  00007886    00000002     sr04_rtos_pem4f.oem4f (.const:xdc_runtime_Text_charCnt__C)
                  00007888    00000002     sr04_rtos_pem4f.oem4f (.const:xdc_runtime_Text_isLoaded__C)
                  0000788a    00000002     sr04_rtos_pem4f.oem4f (.const:xdc_runtime_Text_registryModsLastId__C)
                  0000788c    00000002     sr04_rtos_pem4f.oem4f (.const:xdc_runtime_Text_unnamedModsLastId__C)

.cinit     0    00007890    00000250     
                  00007890    0000021a     (.cinit..data.load) [load image, compression = lzss]
                  00007aaa    00000002     --HOLE-- [fill = 0]
                  00007aac    0000000c     (__TI_handler_table)
                  00007ab8    00000008     (.cinit..bss.load) [load image, compression = zero_init]
                  00007ac0    00000008     (.cinit..vecs.load) [load image, compression = zero_init]
                  00007ac8    00000018     (__TI_cinit_table)

.init_array 
*          0    00000000    00000000     UNINITIALIZED

.resetVecs 
*          0    00000000    0000003c     
                  00000000    0000003c     sr04_rtos_pem4f.oem4f (.resetVecs)

.bss       0    20000360    00000fb1     UNINITIALIZED
                  20000360    00000600     sr04_rtos_pem4f.oem4f (.bss:taskStackSection)
                  20000960    00000400     (.common:ti_sysbios_heaps_HeapMem_Instance_State_0_buf__A)
                  20000d60    00000360     (.common:ti_sysbios_family_arm_m3_Hwi_dispatchTable)
                  200010c0    00000120     rtsv7M4_T_le_v4SPD16_eabi.lib : trgmsg.c.obj (.bss:_CIOBUF_)
                  200011e0    00000090     drivers_tivaware.aem4f : GPIOTiva.oem4f (.bss:gpioCallbackInfo)
                  20001270    00000080     (.common:xdc_runtime_SysMin_Module_State_0_outbuf__A)
                  200012f0    00000008     (.common:parmbuf)
                  200012f8    00000004     (.common:distance)
                  200012fc    00000004     (.common:duty1)
                  20001300    00000004     (.common:duty2)
                  20001304    00000004     (.common:gpioInterruptVectors)
                  20001308    00000004     (.common:kp)
                  2000130c    00000004     (.common:pulseWidth)
                  20001310    00000001     (.common:timeout)

.data      0    20001314    0000050a     UNINITIALIZED
                  20001314    000000e4     sr04_rtos_pem4f.oem4f (.data:ti_sysbios_knl_Task_Object__table__V)
                  200013f8    00000080     sr04_rtos_pem4f.oem4f (.data:ti_sysbios_knl_Swi_Module_State_0_readyQ__A)
                  20001478    00000080     sr04_rtos_pem4f.oem4f (.data:ti_sysbios_knl_Task_Module_State_0_readyQ__A)
                  200014f8    00000060     sr04_rtos_pem4f.oem4f (.data:ti_sysbios_family_arm_m3_Hwi_Object__table__V)
                  20001558    00000044     sr04_rtos_pem4f.oem4f (.data:ti_sysbios_knl_Task_Module__state__V)
                  2000159c    00000040     sr04_rtos_pem4f.oem4f (.data:ti_sysbios_family_arm_lm4_Timer_Object__table__V)
                  200015dc    00000038     sr04_rtos_pem4f.oem4f (.data:ti_sysbios_gates_GateMutex_Object__table__V)
                  20001614    00000034     sr04_rtos_pem4f.oem4f (.data:ti_sysbios_family_arm_m3_Hwi_Module__state__V)
                  20001648    00000030     sr04_rtos_pem4f.oem4f (.data:ti_sysbios_family_arm_lm4_Timer_Module_State_0_device__A)
                  20001678    00000030     sr04_rtos_pem4f.oem4f (.data:ti_sysbios_knl_Swi_Object__table__V)
                  200016a8    0000002c     sr04_rtos_pem4f.oem4f (.data:ti_sysbios_knl_Clock_Module__state__V)
                  200016d4    00000024     sr04_rtos_pem4f.oem4f (.data:ti_sysbios_BIOS_Module__state__V)
                  200016f8    0000001c     sr04_rtos_pem4f.oem4f (.data:ti_sysbios_knl_Swi_Module__state__V)
                  20001714    00000018     sr04_rtos_pem4f.oem4f (.data:ti_sysbios_family_arm_lm4_Timer_Module_State_0_handles__A)
                  2000172c    00000018     sr04_rtos_pem4f.oem4f (.data:ti_sysbios_hal_Hwi_Object__table__V)
                  20001744    00000018     sr04_rtos_pem4f.oem4f (.data:ti_sysbios_heaps_HeapMem_Object__table__V)
                  2000175c    00000014     EK_TM4C123GXL.obj (.data:gpioPinConfigs)
                  20001770    00000014     sr04_rtos_pem4f.oem4f (.data:ti_sysbios_knl_Semaphore_Object__table__V)
                  20001784    0000000c     sr04_rtos_pem4f.oem4f (.data:ti_sysbios_family_arm_lm4_Timer_Module__state__V)
                  20001790    0000000c     sr04_rtos_pem4f.oem4f (.data:xdc_runtime_SysMin_Module__state__V)
                  2000179c    00000008     rtsv7M4_T_le_v4SPD16_eabi.lib : _lock.c.obj (.data:$O1$$)
                  200017a4    00000008     EK_TM4C123GXL.obj (.data:gpioCallbackFunctions)
                  200017ac    00000008     sr04_rtos_pem4f.oem4f (.data:ti_sysbios_family_arm_m3_Hwi_Module__root__V)
                  200017b4    00000008     sr04_rtos_pem4f.oem4f (.data:ti_sysbios_gates_GateHwi_Module__root__V)
                  200017bc    00000008     sr04_rtos_pem4f.oem4f (.data:ti_sysbios_gates_GateMutex_Module__root__V)
                  200017c4    00000008     sr04_rtos_pem4f.oem4f (.data:ti_sysbios_heaps_HeapMem_Module__root__V)
                  200017cc    00000008     sr04_rtos_pem4f.oem4f (.data:ti_sysbios_knl_Queue_Module__root__V)
                  200017d4    00000008     sr04_rtos_pem4f.oem4f (.data:ti_sysbios_knl_Semaphore_Module__root__V)
                  200017dc    00000008     sr04_rtos_pem4f.oem4f (.data:xdc_runtime_Registry_Module__state__V)
                  200017e4    00000008     sr04_rtos_pem4f.oem4f (.data:xdc_runtime_Startup_Module__state__V)
                  200017ec    00000008     sr04_rtos_pem4f.oem4f (.data:xdc_runtime_System_Module_State_0_atexitHandlers__A)
                  200017f4    00000008     sr04_rtos_pem4f.oem4f (.data:xdc_runtime_System_Module__state__V)
                  200017fc    00000005     drivers_tivaware.aem4f : GPIOTiva.oem4f (.data)
                  20001801    00000001     --HOLE--
                  20001802    00000002     sr04_rtos_pem4f.oem4f (.data:ti_sysbios_family_arm_m3_Hwi_Module_State_0_excActive__A)
                  20001804    00000004     rtsv7M4_T_le_v4SPD16_eabi.lib : stkdepth_vars.c.obj (.data)
                  20001808    00000004     sr04_rtos_pem4f.oem4f (.data:ti_sysbios_family_arm_m3_Hwi_Module_State_0_excContext__A)
                  2000180c    00000004     sr04_rtos_pem4f.oem4f (.data:ti_sysbios_family_arm_m3_Hwi_Module_State_0_excStack__A)
                  20001810    00000004     sr04_rtos_pem4f.oem4f (.data:ti_sysbios_gates_GateHwi_Object__table__V)
                  20001814    00000004     sr04_rtos_pem4f.oem4f (.data:ti_sysbios_knl_Task_Module_State_0_idleTask__A)
                  20001818    00000004     sr04_rtos_pem4f.oem4f (.data:xdc_runtime_Memory_Module__state__V)
                  2000181c    00000002     sr04_rtos_pem4f.oem4f (.data:xdc_runtime_Error_Module__state__V)

.stack     0    20001820    00000300     UNINITIALIZED
                  20001820    00000300     --HOLE--

.bootVecs 
*          0    00000000    00000008     DSECT
                  00000000    00000008     boot.aem4f : boot.oem4f (.bootVecs)

.vecs      0    20000000    00000360     UNINITIALIZED
                  20000000    00000360     sr04_rtos_pem4f.oem4f (.vecs)

xdc.meta   0    00000000    000000ee     COPY SECTION
                  00000000    000000ee     sr04_rtos_pem4f.oem4f (xdc.meta)

MODULE SUMMARY

       Module                       code    ro data   rw data
       ------                       ----    -------   -------
    .\
       sr04_main.obj                460     0         16     
    +--+----------------------------+-------+---------+---------+
       Total:                       460     0         16     
                                                             
    .\project_includes\
       sr04.obj                     666     0         5      
       pwmATUAL.obj                 364     0         0      
       EK_TM4C123GXL.obj            112     20        28     
    +--+----------------------------+-------+---------+---------+
       Total:                       1142    20        33     
                                                             
    C:\Users\caio\Documents\Nova pasta (3)\SR04_Drive\Debug\configPkg\package\cfg\
       sr04_rtos_pem4f.oem4f        1558    7742      5660   
    +--+----------------------------+-------+---------+---------+
       Total:                       1558    7742      5660   
                                                             
    C:/ti/tirtos_tivac_2_16_00_08/products/TivaWare_C_Series-2.1.1.71b/driverlib/ccs/Debug/driverlib.lib
       gpio.obj                     614     144       0      
       sysctl.obj                   454     0         0      
       interrupt.obj                104     112       0      
       timer.obj                    210     0         0      
       pwm.obj                      126     0         0      
    +--+----------------------------+-------+---------+---------+
       Total:                       1508    256       0      
                                                             
    C:/ti/tirtos_tivac_2_16_00_08/products/tidrivers_tivac_2_16_00_08/packages/ti/drivers/lib/drivers_tivaware.aem4f
       GPIOTiva.oem4f               844     156       153    
    +--+----------------------------+-------+---------+---------+
       Total:                       844     156       153    
                                                             
    C:\Users\caio\Documents\Nova pasta (3)\SR04_Drive\src\sysbios\sysbios.aem4f
       BIOS.obj                     10906   0         0      
       m3_Hwi_asm.obj               314     0         0      
       m3_TaskSupport_asm.obj       180     0         0      
       m3_Hwi_asm_switch.obj        118     0         0      
    +--+----------------------------+-------+---------+---------+
       Total:                       11518   0         0      
                                                             
    C:\ti\ccsv8\tools\compiler\ti-cgt-arm_18.1.2.LTS\lib\rtsv7M4_T_le_v4SPD16_eabi.lib
       trgmsg.c.obj                 108     0         288    
       memcpy_t2.asm.obj            156     0         0      
       memset_t2.asm.obj            122     0         0      
       copy_decompress_lzss.c.obj   104     0         0      
       hostwrite.c.obj              88      0         0      
       cpy_tbl.c.obj                76      0         0      
       u_divt2.asm.obj              64      0         0      
       _lock.c.obj                  26      0         8      
       args_main.c.obj              24      0         0      
       strlen.c.obj                 20      0         0      
       copy_decompress_none.c.obj   14      0         0      
       copy_zero_init.c.obj         12      0         0      
       hostopen.c.obj               0       0         8      
       exit.c.obj                   4       0         0      
       stkdepth_vars.c.obj          0       0         4      
       div0.asm.obj                 2       0         0      
    +--+----------------------------+-------+---------+---------+
       Total:                       820     0         308    
                                                             
    C:\ti\tirtos_tivac_2_16_00_08\products\bios_6_45_01_29\packages\ti\catalog\arm\cortexm4\tiva\ce\lib\Boot.aem4f
       Boot_sysctl.oem4f            262     0         0      
       Boot.oem4f                   152     0         0      
    +--+----------------------------+-------+---------+---------+
       Total:                       414     0         0      
                                                             
    C:\ti\tirtos_tivac_2_16_00_08\products\bios_6_45_01_29\packages\ti\targets\arm\rtsarm\lib\auto_init.aem4f
       auto_init.oem4f              160     0         0      
    +--+----------------------------+-------+---------+---------+
       Total:                       160     0         0      
                                                             
    C:\ti\tirtos_tivac_2_16_00_08\products\bios_6_45_01_29\packages\ti\targets\arm\rtsarm\lib\boot.aem4f
       boot.oem4f                   88      0         0      
    +--+----------------------------+-------+---------+---------+
       Total:                       88      0         0      
                                                             
    C:\ti\tirtos_tivac_2_16_00_08\products\bios_6_45_01_29\packages\ti\targets\arm\rtsarm\lib\ti.targets.arm.rtsarm.aem4f
       System.oem4f                 1255    0         0      
       Text.oem4f                   672     0         0      
       Error.oem4f                  524     0         0      
       Core-mem.oem4f               358     0         0      
       Startup.oem4f                328     0         0      
       SysMin.oem4f                 248     0         0      
       Core-smem.oem4f              204     0         0      
       Memory.oem4f                 176     0         0      
       Assert.oem4f                 84      0         0      
       Core-params.oem4f            70      0         0      
       Core-label.oem4f             52      0         0      
       Registry.oem4f               32      0         0      
       Gate.oem4f                   28      0         0      
    +--+----------------------------+-------+---------+---------+
       Total:                       4031    0         0      
                                                             
       Stack:                       0       0         768    
       Linker Generated:            0       590       0      
    +--+----------------------------+-------+---------+---------+
       Grand Total:                 22543   8764      6938   


LINKER GENERATED COPY TABLES

__TI_cinit_table @ 00007ac8 records: 3, size/record: 8, table size: 24
	.data: load addr=00007890, load size=0000021a bytes, run addr=20001314, run size=0000050a bytes, compression=lzss
	.bss: load addr=00007ab8, load size=00000008 bytes, run addr=20000360, run size=00000fb1 bytes, compression=zero_init
	.vecs: load addr=00007ac0, load size=00000008 bytes, run addr=20000000, run size=00000360 bytes, compression=zero_init


LINKER GENERATED HANDLER TABLE

__TI_handler_table @ 00007aac records: 3, size/record: 4, table size: 12
	index: 0, handler: __TI_decompress_lzss
	index: 1, handler: __TI_decompress_none
	index: 2, handler: __TI_zero_init


GLOBAL SYMBOLS: SORTED ALPHABETICALLY BY Name 

address   name                                                              
-------   ----                                                              
00000cfd  C$$EXIT                                                           
0000481b  C$$IO$$                                                           
00004ae5  EK_TM4C123GXL_initGPIO                                            
00004639  EK_TM4C123GXL_initGeneral                                         
00004dd9  GPIODirModeSet                                                    
00004feb  GPIOIntClear                                                      
00005721  GPIOIntStatus                                                     
00003ec1  GPIOIntTypeSet                                                    
00001dd5  GPIOPadConfigSet                                                  
0000432d  GPIOPinConfigure                                                  
0000574b  GPIOPinRead                                                       
0000559d  GPIOPinTypeGPIOInput                                              
000053c5  GPIOPinTypeGPIOOutput                                             
000055af  GPIOPinTypePWM                                                    
000055c1  GPIOPinTypeTimer                                                  
00005871  GPIOPinWrite                                                      
00007690  GPIOTiva_config                                                   
000038cd  GPIO_hwiIntFxn                                                    
000032e5  GPIO_init                                                         
00003fc1  GPIO_setCallback                                                  
00001785  GPIO_setConfig                                                    
00004011  GPIO_toggle                                                       
00004061  GPIO_write                                                        
00003e11  HOSTwrite                                                         
00003795  IntEnable                                                         
0000562d  PWMDeadBandEnable                                                 
00004fc9  PWMGenConfigure                                                   
0000577d  PWMGenEnable                                                      
0000563d  PWMGenPeriodSet                                                   
000055d3  PWMOutputState                                                    
00005199  PWMPulseWidthSet                                                  
UNDEFED   SHT$$INIT_ARRAY$$Base                                             
UNDEFED   SHT$$INIT_ARRAY$$Limit                                            
00002501  SysCtlClockSet                                                    
00005877  SysCtlDelay                                                       
000054fd  SysCtlPWMClockSet                                                 
00004909  SysCtlPeripheralEnable                                            
000047b5  SysCtlPeripheralReady                                             
000040b1  SysCtlPeripheralReset                                             
00003a5d  TimerConfigure                                                    
000054d1  TimerControlEvent                                                 
00005511  TimerDisable                                                      
0000572f  TimerEnable                                                       
000007bd  TimerIntClear                                                     
0000584f  TimerIntEnable                                                    
000055e5  TimerLoadSet                                                      
000055f7  TimerPrescaleSet                                                  
00005831  TimerValueGet                                                     
00000000  __ASM__                                                           
200010c0  __CIOBUF_                                                         
0000006c  __ISA__                                                           
0000007f  __PLAT__                                                          
20001b20  __STACK_END                                                       
00000300  __STACK_SIZE                                                      
000000a0  __TARG__                                                          
00007ac8  __TI_CINIT_Base                                                   
00007ae0  __TI_CINIT_Limit                                                  
00007aac  __TI_Handler_Table_Base                                           
00007ab8  __TI_Handler_Table_Limit                                          
00002d79  __TI_auto_init                                                    
000037fd  __TI_decompress_lzss                                              
0000573d  __TI_decompress_none                                              
ffffffff  __TI_pprof_out_hndl                                               
ffffffff  __TI_prof_data_size                                               
ffffffff  __TI_prof_data_start                                              
0000493d  __TI_readmsg                                                      
00007890  __TI_static_base__                                                
000047ed  __TI_writemsg                                                     
000057a1  __TI_zero_init                                                    
000000c6  __TRDR__                                                          
000034ff  __aeabi_idiv0                                                     
000034ff  __aeabi_ldiv0                                                     
00003485  __aeabi_memclr                                                    
00003485  __aeabi_memclr4                                                   
00003485  __aeabi_memclr8                                                   
00002eb9  __aeabi_memcpy                                                    
00002eb9  __aeabi_memcpy4                                                   
00002eb9  __aeabi_memcpy8                                                   
00003487  __aeabi_memset                                                    
00003487  __aeabi_memset4                                                   
00003487  __aeabi_memset8                                                   
00004679  __aeabi_uidiv                                                     
00004679  __aeabi_uidivmod                                                  
ffffffff  __binit__                                                         
ffffffff  __c_args__                                                        
20001820  __stack                                                           
000053dd  _args_main                                                        
00003db9  _c_int00                                                          
2000179c  _lock                                                             
0000308f  _nop                                                              
00005789  _register_lock                                                    
00005795  _register_unlock                                                  
200017a0  _unlock                                                           
00000cfd  abort                                                             
ffffffff  binit                                                             
00004499  captureEvent_HWI                                                  
00007634  captureEvent_HWI_HANDLE                                           
00003f19  configTimeOut                                                     
000041f1  copy_in                                                           
00005525  disableTimeOut                                                    
200012f8  distance                                                          
200012fc  duty1                                                             
20001300  duty2                                                             
000051b7  getDistance_TASK                                                  
00007638  getDistance_TASK_HANDLE                                           
200017a4  gpioCallbackFunctions                                             
2000175c  gpioPinConfigs                                                    
00001a21  heartBeat_TASK                                                    
00007630  heartBeat_TASK_HANDLE                                             
00005035  interruptTimeOut_HWI                                              
00007644  interruptTimeOut_HWI_HANDLE                                       
20001308  kp                                                                
00003255  main                                                              
20001804  main_func_sp                                                      
00002eb9  memcpy                                                            
0000348d  memset                                                            
0000763c  newDistance_SEM                                                   
000056c1  osi_TaskDisable                                                   
00005661  osi_start                                                         
200012f0  parmbuf                                                           
2000130c  pulseWidth                                                        
000014b5  pwmInit                                                           
00005211  setTimerOut                                                       
000026dd  sr04_Init                                                         
00005539  strlen                                                            
000076e8  ti_catalog_arm_cortexm4_tiva_ce_Boot_A_mustUseEnhancedClockMode__C
000076ec  ti_catalog_arm_cortexm4_tiva_ce_Boot_Module__diagsEnabled__C      
000076f0  ti_catalog_arm_cortexm4_tiva_ce_Boot_Module__diagsIncluded__C     
000076f4  ti_catalog_arm_cortexm4_tiva_ce_Boot_Module__diagsMask__C         
00007282  ti_catalog_arm_cortexm4_tiva_ce_Boot_Module__id__C                
00005771  ti_catalog_arm_cortexm4_tiva_ce_Boot_init__I                      
0000201d  ti_catalog_arm_cortexm4_tiva_ce_Boot_sysCtlClockSetI__I           
00003091  ti_catalog_arm_cortexm4_tiva_ce_Boot_sysCtlClockSet__E            
0000587d  ti_catalog_arm_cortexm4_tiva_ce_Boot_sysCtlDelayI__I              
200016d4  ti_sysbios_BIOS_Module__state__V                                  
00005329  ti_sysbios_BIOS_RtsGateProxy_Handle__label__S                     
00004f35  ti_sysbios_BIOS_RtsGateProxy_Object__delete__S                    
0000114d  ti_sysbios_BIOS_RtsGateProxy_enter__E                             
000018d5  ti_sysbios_BIOS_RtsGateProxy_leave__E                             
000058c1  ti_sysbios_BIOS_RtsGateProxy_query__E                             
00004b15  ti_sysbios_BIOS_atExitFunc__I                                     
00004ea5  ti_sysbios_BIOS_errorRaiseHook__I                                 
000054e7  ti_sysbios_BIOS_exitFunc__I                                       
0000364f  ti_sysbios_BIOS_nullFunc__I                                       
00004ec9  ti_sysbios_BIOS_registerRTSLock__I                                
00004eed  ti_sysbios_BIOS_removeRTSLock__I                                  
00005055  ti_sysbios_BIOS_rtsLock__I                                        
000053f5  ti_sysbios_BIOS_rtsUnlock__I                                      
00005651  ti_sysbios_BIOS_setThreadType__E                                  
00004f11  ti_sysbios_BIOS_startFunc__I                                      
00005661  ti_sysbios_BIOS_start__E                                          
20001648  ti_sysbios_family_arm_lm4_Timer_Module_State_0_device__A          
20001714  ti_sysbios_family_arm_lm4_Timer_Module_State_0_handles__A         
0000540d  ti_sysbios_family_arm_lm4_Timer_Module__startupDone__F            
0000540d  ti_sysbios_family_arm_lm4_Timer_Module__startupDone__S            
20001784  ti_sysbios_family_arm_lm4_Timer_Module__state__V                  
00003931  ti_sysbios_family_arm_lm4_Timer_Module_startup__E                 
2000159c  ti_sysbios_family_arm_lm4_Timer_Object__table__V                  
000076f8  ti_sysbios_family_arm_lm4_Timer_enableFunc__C                     
00002c29  ti_sysbios_family_arm_lm4_Timer_enableTimers__I                   
00002b79  ti_sysbios_family_arm_lm4_Timer_enableTiva__I                     
000057b1  ti_sysbios_family_arm_lm4_Timer_getMaxTicks__E                    
00003ac1  ti_sysbios_family_arm_lm4_Timer_isrStub__E                        
00005857  ti_sysbios_family_arm_lm4_Timer_masterDisable__I                  
00001b5d  ti_sysbios_family_arm_lm4_Timer_masterEnable__I                   
[...]
000057bd  ti_sysbios_family_arm_m3_Hwi_Params__init__S                      
000057bd  ti_sysbios_hal_Hwi_HwiProxy_Params__init__S                       
000057c9  ti_sysbios_family_arm_m3_Hwi_disableFxn__E                        
000057c9  ti_sysbios_hal_Hwi_HwiProxy_disable__E                            
000057d9  ti_sysbios_family_arm_m3_TaskSupport_checkStack__E                
000057d9  ti_sysbios_knl_Task_SupportProxy_checkStack__E                    
000057e9  ti_sysbios_gates_GateHwi_enter__E                                 
000057f5  ti_sysbios_knl_Queue_Object__get__S                               
00005801  xdc_runtime_Error_init__E                                         
0000580d  xdc_runtime_Gate_enterSystem__E                                   
00005819  xdc_runtime_Memory_calloc__E                                      
00005825  xdc_runtime_Memory_getMaxDefaultTypeAlign__E                      
00005831  TimerValueGet                                                     
0000583b  xdc_runtime_Memory_HeapProxy_alloc__E                             
00005845  xdc_runtime_Memory_HeapProxy_free__E                              
0000584f  TimerIntEnable                                                    
00005857  ti_sysbios_family_arm_lm4_Timer_masterDisable__I                  
00005861  ti_sysbios_family_arm_m3_Hwi_doSwiRestore__I                      
00005869  ti_sysbios_family_arm_m3_Hwi_startup__E                           
00005869  ti_sysbios_hal_Hwi_HwiProxy_startup__E                            
00005869  ti_sysbios_hal_Hwi_startup__E                                     
00005871  GPIOPinWrite                                                      
00005877  SysCtlDelay                                                       
0000587d  ti_catalog_arm_cortexm4_tiva_ce_Boot_sysCtlDelayI__I              
00005883  xdc_runtime_System_Module_startup__E                              
00005889  ti_sysbios_family_arm_m3_Hwi_doTaskRestore__I                     
00005891  ti_sysbios_family_arm_m3_Hwi_restoreFxn__E                        
00005891  ti_sysbios_hal_Hwi_HwiProxy_restore__E                            
00005899  ti_sysbios_gates_GateHwi_leave__E                                 
000058a1  ti_sysbios_heaps_HeapMem_isBlocking__E                            
000058a9  ti_sysbios_knl_Queue_Instance_init__E                             
000058b1  ti_sysbios_knl_Swi_startup__E                                     
000058b9  ti_sysbios_gates_GateHwi_query__E                                 
000058b9  xdc_runtime_Main_Module_GateProxy_query__E                        
000058b9  xdc_runtime_System_Module_GateProxy_query__E                      
000058c1  ti_sysbios_BIOS_RtsGateProxy_query__E                             
000058c1  ti_sysbios_gates_GateMutex_query__E                               
000058c1  ti_sysbios_heaps_HeapMem_Module_GateProxy_query__E                
000058c9  ti_sysbios_knl_Task_startup__E                                    
000058d1  ti_sysbios_gates_GateHwi_Instance_init__E                         
000058d9  ti_sysbios_knl_Clock_logTick__E                                   
000058dc  xdc_runtime_Text_charTab__A                                       
000071c5  xdc_runtime_Error_policy__C                                       
000071c6  xdc_runtime_Text_nodeTab__A                                       
00007282  ti_catalog_arm_cortexm4_tiva_ce_Boot_Module__id__C                
00007468  ti_sysbios_family_arm_m3_Hwi_Object__PARAMS__C                    
00007498  ti_sysbios_heaps_HeapMem_Module__FXNS__C                          
000074c0  ti_sysbios_gates_GateHwi_Module__FXNS__C                          
000074e4  ti_sysbios_gates_GateMutex_Module__FXNS__C                        
00007508  ti_sysbios_heaps_HeapMem_Object__PARAMS__C                        
0000752c  ti_sysbios_knl_Semaphore_Object__PARAMS__C                        
00007550  ti_sysbios_family_arm_m3_Hwi_Object__DESC__C                      
00007570  ti_sysbios_gates_GateHwi_Object__DESC__C                          
00007590  ti_sysbios_gates_GateMutex_Object__DESC__C                        
000075b0  ti_sysbios_heaps_HeapMem_Object__DESC__C                          
000075d0  ti_sysbios_knl_Queue_Object__DESC__C                              
000075f0  ti_sysbios_knl_Semaphore_Object__DESC__C                          
00007610  xdc_runtime_Startup_sfxnTab__A                                    
00007630  heartBeat_TASK_HANDLE                                             
00007634  captureEvent_HWI_HANDLE                                           
00007638  getDistance_TASK_HANDLE                                           
0000763c  newDistance_SEM                                                   
00007640  triggerPin_HWI_HANDLE                                             
00007644  interruptTimeOut_HWI_HANDLE                                       
00007648  ti_sysbios_gates_GateHwi_Object__PARAMS__C                        
00007660  ti_sysbios_gates_GateMutex_Object__PARAMS__C                      
00007678  ti_sysbios_knl_Queue_Object__PARAMS__C                            
00007690  GPIOTiva_config                                                   
000076a4  xdc_runtime_Startup_firstFxns__A                                  
000076b8  xdc_runtime_Startup_sfxnRts__A                                    
000076c8  ti_sysbios_family_arm_m3_Hwi_excHookFuncs__A                      
000076d0  ti_sysbios_knl_Idle_funcList__C                                   
000076d8  xdc_runtime_Startup_firstFxns__C                                  
000076e0  xdc_runtime_Startup_lastFxns__C                                   
000076e8  ti_catalog_arm_cortexm4_tiva_ce_Boot_A_mustUseEnhancedClockMode__C
000076ec  ti_catalog_arm_cortexm4_tiva_ce_Boot_Module__diagsEnabled__C      
000076f0  ti_catalog_arm_cortexm4_tiva_ce_Boot_Module__diagsIncluded__C     
000076f4  ti_catalog_arm_cortexm4_tiva_ce_Boot_Module__diagsMask__C         
000076f8  ti_sysbios_family_arm_lm4_Timer_enableFunc__C                     
000076fc  ti_sysbios_family_arm_lm4_Timer_numTimerDevices__C                
00007700  ti_sysbios_family_arm_lm4_Timer_startupNeeded__C                  
00007704  ti_sysbios_family_arm_m3_Hwi_E_NMI__C                             
00007708  ti_sysbios_family_arm_m3_Hwi_E_alreadyDefined__C                  
0000770c  ti_sysbios_family_arm_m3_Hwi_E_busFault__C                        
00007710  ti_sysbios_family_arm_m3_Hwi_E_debugMon__C                        
00007714  ti_sysbios_family_arm_m3_Hwi_E_hardFault__C                       
00007718  ti_sysbios_family_arm_m3_Hwi_E_memFault__C                        
0000771c  ti_sysbios_family_arm_m3_Hwi_E_noIsr__C                           
00007720  ti_sysbios_family_arm_m3_Hwi_E_reserved__C                        
00007724  ti_sysbios_family_arm_m3_Hwi_E_svCall__C                          
00007728  ti_sysbios_family_arm_m3_Hwi_E_usageFault__C                      
0000772c  ti_sysbios_family_arm_m3_Hwi_NUM_INTERRUPTS__C                    
00007730  ti_sysbios_family_arm_m3_Hwi_Object__count__C                     
00007734  ti_sysbios_family_arm_m3_Hwi_ccr__C                               
00007738  ti_sysbios_family_arm_m3_Hwi_excHandlerFunc__C                    
0000773c  ti_sysbios_family_arm_m3_Hwi_excHookFuncs__C                      
00007740  ti_sysbios_family_arm_m3_Hwi_nullIsrFunc__C                       
00007744  ti_sysbios_family_arm_m3_Hwi_priGroup__C                          
00007748  ti_sysbios_gates_GateMutex_A_badContext__C                        
0000774c  ti_sysbios_gates_GateMutex_Instance_State_sem__O                  
00007750  ti_sysbios_gates_GateMutex_Module__diagsEnabled__C                
00007754  ti_sysbios_gates_GateMutex_Module__diagsIncluded__C               
00007758  ti_sysbios_gates_GateMutex_Module__diagsMask__C                   
0000775c  ti_sysbios_hal_Hwi_E_stackOverflow__C                             
00007760  ti_sysbios_heaps_HeapMem_A_align__C                               
00007764  ti_sysbios_heaps_HeapMem_A_heapSize__C                            
00007768  ti_sysbios_heaps_HeapMem_A_invalidFree__C                         
0000776c  ti_sysbios_heaps_HeapMem_A_zeroBlock__C                           
00007770  ti_sysbios_heaps_HeapMem_E_memory__C                              
00007774  ti_sysbios_heaps_HeapMem_Module__diagsEnabled__C                  
00007778  ti_sysbios_heaps_HeapMem_Module__diagsIncluded__C                 
0000777c  ti_sysbios_heaps_HeapMem_Module__diagsMask__C                     
00007780  ti_sysbios_heaps_HeapMem_Module__gateObj__C                       
00007784  ti_sysbios_heaps_HeapMem_Object__count__C                         
00007788  ti_sysbios_heaps_HeapMem_reqAlign__C                              
0000778c  ti_sysbios_knl_Clock_Module_State_clockQ__O                       
00007790  ti_sysbios_knl_Idle_funcList__A                                   
00007794  ti_sysbios_knl_Semaphore_A_badContext__C                          
00007798  ti_sysbios_knl_Semaphore_A_noEvents__C                            
0000779c  ti_sysbios_knl_Semaphore_A_overflow__C                            
000077a0  ti_sysbios_knl_Semaphore_A_pendTaskDisabled__C                    
000077a4  ti_sysbios_knl_Semaphore_Instance_State_pendQ__O                  
000077a8  ti_sysbios_knl_Semaphore_Module__diagsEnabled__C                  
000077ac  ti_sysbios_knl_Semaphore_Module__diagsIncluded__C                 
000077b0  ti_sysbios_knl_Semaphore_Module__diagsMask__C                     
000077b4  ti_sysbios_knl_Swi_Object__count__C                               
000077b8  ti_sysbios_knl_Task_A_badTimeout__C                               
000077bc  ti_sysbios_knl_Task_A_sleepTaskDisabled__C                        
000077c0  ti_sysbios_knl_Task_E_spOutOfBounds__C                            
000077c4  ti_sysbios_knl_Task_E_stackOverflow__C                            
000077c8  ti_sysbios_knl_Task_Module_State_inactiveQ__O                     
000077cc  ti_sysbios_knl_Task_Module__diagsEnabled__C                       
000077d0  ti_sysbios_knl_Task_Module__diagsIncluded__C                      
000077d4  ti_sysbios_knl_Task_Module__diagsMask__C                          
000077d8  ti_sysbios_knl_Task_Object__count__C                              
000077dc  ti_sysbios_knl_Task_allBlockedFunc__C                             
000077e0  ti_sysbios_knl_Task_numConstructedTasks__C                        
000077e4  xdc_runtime_Assert_E_assertFailed__C                              
000077e8  xdc_runtime_Core_A_initializedParams__C                           
000077ec  xdc_runtime_Core_Module__diagsEnabled__C                          
000077f0  xdc_runtime_Core_Module__diagsIncluded__C                         
000077f4  xdc_runtime_Core_Module__diagsMask__C                             
000077f8  xdc_runtime_Error_E_memory__C                                     
000077fc  xdc_runtime_Error_Module__diagsEnabled__C                         
00007800  xdc_runtime_Error_Module__diagsIncluded__C                        
00007804  xdc_runtime_Error_Module__diagsMask__C                            
00007808  xdc_runtime_Error_Module__loggerFxn8__C                           
0000780c  xdc_runtime_Error_Module__loggerObj__C                            
00007810  xdc_runtime_Error_policyFxn__C                                    
00007814  xdc_runtime_Error_raiseHook__C                                    
00007818  xdc_runtime_IGateProvider_Interface__BASE__C                      
0000781c  xdc_runtime_IHeap_Interface__BASE__C                              
00007820  xdc_runtime_IModule_Interface__BASE__C                            
00007824  xdc_runtime_Log_L_error__C                                        
00007828  xdc_runtime_Memory_defaultHeapInstance__C                         
0000782c  xdc_runtime_Startup_execImpl__C                                   
00007830  xdc_runtime_Startup_maxPasses__C                                  
00007834  xdc_runtime_Startup_sfxnRts__C                                    
00007838  xdc_runtime_Startup_sfxnTab__C                                    
0000783c  xdc_runtime_SysMin_bufSize__C                                     
00007840  xdc_runtime_SysMin_outputFunc__C                                  
00007844  xdc_runtime_System_Module__gateObj__C                             
00007848  xdc_runtime_System_abortFxn__C                                    
0000784c  xdc_runtime_System_exitFxn__C                                     
00007850  xdc_runtime_System_extendFxn__C                                   
00007854  xdc_runtime_System_maxAtexitHandlers__C                           
00007858  xdc_runtime_Text_charTab__C                                       
0000785c  xdc_runtime_Text_nameEmpty__C                                     
00007860  xdc_runtime_Text_nameStatic__C                                    
00007864  xdc_runtime_Text_nameUnknown__C                                   
00007868  xdc_runtime_Text_nodeTab__C                                       
0000786c  xdc_runtime_Text_visitRopeFxn__C                                  
00007870  ti_sysbios_family_arm_m3_Hwi_Module__id__C                        
00007872  ti_sysbios_gates_GateMutex_Module__id__C                          
00007874  ti_sysbios_hal_Hwi_Module__id__C                                  
00007876  ti_sysbios_heaps_HeapMem_Module__id__C                            
00007878  ti_sysbios_knl_Semaphore_Module__id__C                            
0000787a  ti_sysbios_knl_Task_Module__id__C                                 
0000787c  xdc_runtime_Core_Module__id__C                                    
0000787e  xdc_runtime_Error_Module__loggerDefined__C                        
00007880  xdc_runtime_Error_maxDepth__C                                     
00007882  xdc_runtime_Memory_Module__id__C                                  
00007884  xdc_runtime_SysMin_flushAtExit__C                                 
00007886  xdc_runtime_Text_charCnt__C                                       
00007888  xdc_runtime_Text_isLoaded__C                                      
0000788a  xdc_runtime_Text_registryModsLastId__C                            
0000788c  xdc_runtime_Text_unnamedModsLastId__C                             
00007890  __TI_static_base__                                                
00007aac  __TI_Handler_Table_Base                                           
00007ab8  __TI_Handler_Table_Limit                                          
00007ac8  __TI_CINIT_Base                                                   
00007ae0  __TI_CINIT_Limit                                                  
20000000  ti_sysbios_family_arm_m3_Hwi_ramVectors                           
20000360  ti_sysbios_knl_Task_Instance_State_0_stack__A                     
20000560  ti_sysbios_knl_Task_Instance_State_1_stack__A                     
20000760  ti_sysbios_knl_Task_Instance_State_2_stack__A                     
20000960  ti_sysbios_heaps_HeapMem_Instance_State_0_buf__A                  
20000d60  ti_sysbios_family_arm_m3_Hwi_dispatchTable                        
200010c0  __CIOBUF_                                                         
20001270  xdc_runtime_SysMin_Module_State_0_outbuf__A                       
200012f0  parmbuf                                                           
200012f8  distance                                                          
200012fc  duty1                                                             
20001300  duty2                                                             
20001308  kp                                                                
2000130c  pulseWidth                                                        
20001310  timeout                                                           
20001314  ti_sysbios_knl_Task_Object__table__V                              
200013f8  ti_sysbios_knl_Swi_Module_State_0_readyQ__A                       
20001478  ti_sysbios_knl_Task_Module_State_0_readyQ__A                      
200014f8  ti_sysbios_family_arm_m3_Hwi_Object__table__V                     
20001558  ti_sysbios_knl_Task_Module__state__V                              
2000159c  ti_sysbios_family_arm_lm4_Timer_Object__table__V                  
200015dc  ti_sysbios_gates_GateMutex_Object__table__V                       
20001614  ti_sysbios_family_arm_m3_Hwi_Module__state__V                     
20001648  ti_sysbios_family_arm_lm4_Timer_Module_State_0_device__A          
20001678  ti_sysbios_knl_Swi_Object__table__V                               
200016a8  ti_sysbios_knl_Clock_Module__state__V                             
200016d4  ti_sysbios_BIOS_Module__state__V                                  
200016f8  ti_sysbios_knl_Swi_Module__state__V                               
20001714  ti_sysbios_family_arm_lm4_Timer_Module_State_0_handles__A         
2000172c  ti_sysbios_hal_Hwi_Object__table__V                               
20001744  ti_sysbios_heaps_HeapMem_Object__table__V                         
2000175c  gpioPinConfigs                                                    
20001770  ti_sysbios_knl_Semaphore_Object__table__V                         
20001784  ti_sysbios_family_arm_lm4_Timer_Module__state__V                  
20001790  xdc_runtime_SysMin_Module__state__V                               
2000179c  _lock                                                             
200017a0  _unlock                                                           
200017a4  gpioCallbackFunctions                                             
200017ac  ti_sysbios_family_arm_m3_Hwi_Module__root__V                      
200017b4  ti_sysbios_gates_GateHwi_Module__root__V                          
200017bc  ti_sysbios_gates_GateMutex_Module__root__V                        
200017c4  ti_sysbios_heaps_HeapMem_Module__root__V                          
200017cc  ti_sysbios_knl_Queue_Module__root__V                              
200017d4  ti_sysbios_knl_Semaphore_Module__root__V                          
200017dc  xdc_runtime_Registry_Module__state__V                             
200017e4  xdc_runtime_Startup_Module__state__V                              
200017ec  xdc_runtime_System_Module_State_0_atexitHandlers__A               
200017f4  xdc_runtime_System_Module__state__V                               
20001802  ti_sysbios_family_arm_m3_Hwi_Module_State_0_excActive__A          
20001804  main_func_sp                                                      
20001808  ti_sysbios_family_arm_m3_Hwi_Module_State_0_excContext__A         
2000180c  ti_sysbios_family_arm_m3_Hwi_Module_State_0_excStack__A           
20001810  ti_sysbios_gates_GateHwi_Object__table__V                         
20001814  ti_sysbios_knl_Task_Module_State_0_idleTask__A                    
20001818  xdc_runtime_Memory_Module__state__V                               
2000181c  xdc_runtime_Error_Module__state__V                                
20001820  __stack                                                           
20001b20  __STACK_END                                                       
e000e000  ti_sysbios_family_arm_m3_Hwi_nvic                                 
ffffffff  __TI_pprof_out_hndl                                               
ffffffff  __TI_prof_data_size                                               
ffffffff  __TI_prof_data_start                                              
ffffffff  __binit__                                                         
ffffffff  __c_args__                                                        
ffffffff  binit                                                             
UNDEFED   SHT$$INIT_ARRAY$$Base                                             
UNDEFED   SHT$$INIT_ARRAY$$Limit                                            

[576 symbols]
